Component: ARM Compiler 6.16 Tool: armlink [5dfeaa00]

==============================================================================

Section Cross References

    ibus.o(.text.USART1_IRQHandler) refers to ibus.o(.bss.rxFrameDone) for rxFrameDone
    ibus.o(.text.USART1_IRQHandler) refers to ibus.o(.bss.ibusIndex) for ibusIndex
    ibus.o(.text.USART1_IRQHandler) refers to ibus.o(.bss.ibus) for ibus
    ibus.o(.text.USART1_IRQHandler) refers to ibus.o(.bss.rcValue) for rcValue
    ibus.o(.ARM.exidx.text.USART1_IRQHandler) refers to ibus.o(.text.USART1_IRQHandler) for [Anonymous Symbol]
    main.o(.text.main) refers to task.o(.text.sysSetup) for sysSetup
    main.o(.text.main) refers to task.o(.text.sensorCheck) for sensorCheck
    main.o(.text.main) refers to task.o(.text.sensorInit) for sensorInit
    main.o(.text.main) refers to task.o(.text.sensorCalibrate) for sensorCalibrate
    main.o(.text.main) refers to task.o(.text.throttleCheck) for throttleCheck
    main.o(.text.main) refers to task.o(.text.armESC) for armESC
    main.o(.text.main) refers to rcc_config.o(.text.micros) for micros
    main.o(.text.main) refers to task.o(.text.flightProcedure) for flightProcedure
    main.o(.ARM.exidx.text.main) refers to main.o(.text.main) for [Anonymous Symbol]
    rcc_config.o(.text.systickConfig) refers to system_stm32f4xx.o(.data.SystemCoreClock) for SystemCoreClock
    rcc_config.o(.text.systickConfig) refers to rcc_config.o(.text.SysTick_Config) for SysTick_Config
    rcc_config.o(.text.systickConfig) refers to rcc_config.o(.text.__NVIC_SetPriorityGrouping) for __NVIC_SetPriorityGrouping
    rcc_config.o(.text.systickConfig) refers to rcc_config.o(.text.__NVIC_SetPriority) for __NVIC_SetPriority
    rcc_config.o(.text.systickConfig) refers to rcc_config.o(.bss.Millis) for Millis
    rcc_config.o(.ARM.exidx.text.systickConfig) refers to rcc_config.o(.text.systickConfig) for [Anonymous Symbol]
    rcc_config.o(.text.SysTick_Config) refers to rcc_config.o(.text.__NVIC_SetPriority) for __NVIC_SetPriority
    rcc_config.o(.ARM.exidx.text.SysTick_Config) refers to rcc_config.o(.text.SysTick_Config) for [Anonymous Symbol]
    rcc_config.o(.ARM.exidx.text.__NVIC_SetPriorityGrouping) refers to rcc_config.o(.text.__NVIC_SetPriorityGrouping) for [Anonymous Symbol]
    rcc_config.o(.ARM.exidx.text.__NVIC_SetPriority) refers to rcc_config.o(.text.__NVIC_SetPriority) for [Anonymous Symbol]
    rcc_config.o(.text.micros) refers to rcc_config.o(.bss.Millis) for Millis
    rcc_config.o(.text.micros) refers to rcc_config.o(.bss.Micros) for Micros
    rcc_config.o(.ARM.exidx.text.micros) refers to rcc_config.o(.text.micros) for [Anonymous Symbol]
    rcc_config.o(.text.millis) refers to rcc_config.o(.bss.Millis) for Millis
    rcc_config.o(.ARM.exidx.text.millis) refers to rcc_config.o(.text.millis) for [Anonymous Symbol]
    rcc_config.o(.text.delayMilliseconds) refers to rcc_config.o(.text.millis) for millis
    rcc_config.o(.ARM.exidx.text.delayMilliseconds) refers to rcc_config.o(.text.delayMilliseconds) for [Anonymous Symbol]
    rcc_config.o(.text.delayMicroseconds) refers to rcc_config.o(.text.micros) for micros
    rcc_config.o(.ARM.exidx.text.delayMicroseconds) refers to rcc_config.o(.text.delayMicroseconds) for [Anonymous Symbol]
    rcc_config.o(.text.SysTick_Handler) refers to rcc_config.o(.bss.Millis) for Millis
    rcc_config.o(.ARM.exidx.text.SysTick_Handler) refers to rcc_config.o(.text.SysTick_Handler) for [Anonymous Symbol]
    rcc_config.o(.text.clockConfig) refers to rcc_config.o(.text.systickConfig) for systickConfig
    rcc_config.o(.ARM.exidx.text.clockConfig) refers to rcc_config.o(.text.clockConfig) for [Anonymous Symbol]
    timer.o(.text.DshotInit) refers to timer.o(.text.__NVIC_SetPriority) for __NVIC_SetPriority
    timer.o(.text.DshotInit) refers to timer.o(.text.__NVIC_EnableIRQ) for __NVIC_EnableIRQ
    timer.o(.text.DshotInit) refers to timer.o(.bss.pulseTIM3CH1) for pulseTIM3CH1
    timer.o(.text.DshotInit) refers to timer.o(.bss.pulseTIM3CH2) for pulseTIM3CH2
    timer.o(.text.DshotInit) refers to timer.o(.bss.pulseTIM4CH1) for pulseTIM4CH1
    timer.o(.text.DshotInit) refers to timer.o(.bss.pulseTIM4CH2) for pulseTIM4CH2
    timer.o(.ARM.exidx.text.DshotInit) refers to timer.o(.text.DshotInit) for [Anonymous Symbol]
    timer.o(.ARM.exidx.text.__NVIC_SetPriority) refers to timer.o(.text.__NVIC_SetPriority) for [Anonymous Symbol]
    timer.o(.ARM.exidx.text.__NVIC_EnableIRQ) refers to timer.o(.text.__NVIC_EnableIRQ) for [Anonymous Symbol]
    timer.o(.ARM.exidx.text.prepareDshotPacket) refers to timer.o(.text.prepareDshotPacket) for [Anonymous Symbol]
    timer.o(.text.DshotIssueCommand) refers to timer.o(.text.prepareDshotPacket) for prepareDshotPacket
    timer.o(.text.DshotIssueCommand) refers to timer.o(.bss.pulseTIM3CH1) for pulseTIM3CH1
    timer.o(.text.DshotIssueCommand) refers to timer.o(.bss.pulseTIM3CH2) for pulseTIM3CH2
[...]
    libinit.o(.ARM.Collect$$libinit$$00000000) refers (Special) to libinit2.o(.ARM.Collect$$libinit$$0000000E) for __rt_lib_init_rand_1
    libinit.o(.ARM.Collect$$libinit$$00000000) refers (Special) to libinit2.o(.ARM.Collect$$libinit$$00000033) for __rt_lib_init_return
    libinit.o(.ARM.Collect$$libinit$$00000000) refers (Special) to libinit2.o(.ARM.Collect$$libinit$$0000001D) for __rt_lib_init_signal_1
    libinit.o(.ARM.Collect$$libinit$$00000000) refers (Special) to libinit2.o(.ARM.Collect$$libinit$$00000025) for __rt_lib_init_stdio_1
    libinit.o(.ARM.Collect$$libinit$$00000000) refers (Special) to libinit2.o(.ARM.Collect$$libinit$$0000000C) for __rt_lib_init_user_alloc_1
    rtexit.o(.ARM.Collect$$rtexit$$00000000) refers (Special) to rtexit2.o(.ARM.Collect$$rtexit$$00000004) for __rt_exit_exit
    rtexit.o(.ARM.Collect$$rtexit$$00000000) refers (Special) to rtexit2.o(.ARM.Collect$$rtexit$$00000003) for __rt_exit_ls
    rtexit.o(.ARM.Collect$$rtexit$$00000000) refers (Special) to rtexit2.o(.ARM.Collect$$rtexit$$00000002) for __rt_exit_prels_1
    rtexit.o(.ARM.exidx) refers (Special) to rtexit2.o(.ARM.Collect$$rtexit$$00000004) for __rt_exit_exit
    rtexit.o(.ARM.exidx) refers (Special) to rtexit2.o(.ARM.Collect$$rtexit$$00000003) for __rt_exit_ls
    rtexit.o(.ARM.exidx) refers (Special) to rtexit2.o(.ARM.Collect$$rtexit$$00000002) for __rt_exit_prels_1
    rtexit.o(.ARM.exidx) refers to rtexit.o(.ARM.Collect$$rtexit$$00000000) for .ARM.Collect$$rtexit$$00000000
    libinit2.o(.ARM.Collect$$libinit$$00000001) refers to fpinit.o(x$fpl$fpinit) for _fp_init
    libinit2.o(.ARM.Collect$$libinit$$00000010) refers to libinit2.o(.ARM.Collect$$libinit$$0000000F) for .ARM.Collect$$libinit$$0000000F
    libinit2.o(.ARM.Collect$$libinit$$00000012) refers to libinit2.o(.ARM.Collect$$libinit$$0000000F) for .ARM.Collect$$libinit$$0000000F
    libinit2.o(.ARM.Collect$$libinit$$00000014) refers to libinit2.o(.ARM.Collect$$libinit$$0000000F) for .ARM.Collect$$libinit$$0000000F
    libinit2.o(.ARM.Collect$$libinit$$00000016) refers to libinit2.o(.ARM.Collect$$libinit$$0000000F) for .ARM.Collect$$libinit$$0000000F
    libinit2.o(.ARM.Collect$$libinit$$00000018) refers to libinit2.o(.ARM.Collect$$libinit$$0000000F) for .ARM.Collect$$libinit$$0000000F
    libinit2.o(.ARM.Collect$$libinit$$00000026) refers to argv_veneer.o(.emb_text) for __ARM_argv_veneer
    libinit2.o(.ARM.Collect$$libinit$$00000027) refers to argv_veneer.o(.emb_text) for __ARM_argv_veneer
    rtexit2.o(.ARM.Collect$$rtexit$$00000003) refers to libshutdown.o(.ARM.Collect$$libshutdown$$00000000) for __rt_lib_shutdown
    rtexit2.o(.ARM.Collect$$rtexit$$00000004) refers to sys_exit.o(.text) for _sys_exit
    rtexit2.o(.ARM.exidx) refers to rtexit2.o(.ARM.Collect$$rtexit$$00000001) for .ARM.Collect$$rtexit$$00000001
    rtexit2.o(.ARM.exidx) refers to rtexit2.o(.ARM.Collect$$rtexit$$00000003) for .ARM.Collect$$rtexit$$00000003
    rtexit2.o(.ARM.exidx) refers to rtexit2.o(.ARM.Collect$$rtexit$$00000004) for .ARM.Collect$$rtexit$$00000004
    argv_veneer.o(.emb_text) refers to no_argv.o(.text) for __ARM_get_argv
    sys_exit.o(.text) refers (Special) to use_no_semi.o(.text) for __I$use$semihosting
    sys_exit.o(.text) refers (Special) to indicate_semi.o(.text) for __semihosting_library_function
    sys_exit_hlt.o(.text) refers (Special) to use_no_semi.o(.text) for __I$use$semihosting
    sys_exit_hlt.o(.text) refers (Special) to indicate_semi.o(.text) for __semihosting_library_function
    _get_argv_nomalloc.o(.text) refers (Special) to hrguard.o(.text) for __heap_region$guard
    _get_argv_nomalloc.o(.text) refers to defsig_rtmem_outer.o(.text) for __rt_SIGRTMEM
    _get_argv_nomalloc.o(.text) refers to sys_command.o(.text) for _sys_command_string
    libshutdown.o(.ARM.Collect$$libshutdown$$00000000) refers (Special) to libshutdown2.o(.ARM.Collect$$libshutdown$$00000002) for __rt_lib_shutdown_cpp_1
    libshutdown.o(.ARM.Collect$$libshutdown$$00000000) refers (Special) to libshutdown2.o(.ARM.Collect$$libshutdown$$00000007) for __rt_lib_shutdown_fp_trap_1
    libshutdown.o(.ARM.Collect$$libshutdown$$00000000) refers (Special) to libshutdown2.o(.ARM.Collect$$libshutdown$$0000000F) for __rt_lib_shutdown_heap_1
    libshutdown.o(.ARM.Collect$$libshutdown$$00000000) refers (Special) to libshutdown2.o(.ARM.Collect$$libshutdown$$00000010) for __rt_lib_shutdown_return
    libshutdown.o(.ARM.Collect$$libshutdown$$00000000) refers (Special) to libshutdown2.o(.ARM.Collect$$libshutdown$$0000000A) for __rt_lib_shutdown_signal_1
    libshutdown.o(.ARM.Collect$$libshutdown$$00000000) refers (Special) to libshutdown2.o(.ARM.Collect$$libshutdown$$00000004) for __rt_lib_shutdown_stdio_1
    libshutdown.o(.ARM.Collect$$libshutdown$$00000000) refers (Special) to libshutdown2.o(.ARM.Collect$$libshutdown$$0000000C) for __rt_lib_shutdown_user_alloc_1
    sys_command.o(.text) refers (Special) to use_no_semi.o(.text) for __I$use$semihosting
    sys_command.o(.text) refers (Special) to indicate_semi.o(.text) for __semihosting_library_function
    sys_command_hlt.o(.text) refers (Special) to use_no_semi.o(.text) for __I$use$semihosting
    sys_command_hlt.o(.text) refers (Special) to indicate_semi.o(.text) for __semihosting_library_function
    defsig_rtmem_outer.o(.text) refers to defsig_rtmem_inner.o(.text) for __rt_SIGRTMEM_inner
    defsig_rtmem_outer.o(.text) refers to defsig_exit.o(.text) for __sig_exit
    defsig_rtmem_formal.o(.text) refers to rt_raise.o(.text) for __rt_raise
    rt_raise.o(.text) refers to __raise.o(.text) for __raise
    rt_raise.o(.text) refers to sys_exit.o(.text) for _sys_exit
    defsig_exit.o(.text) refers to sys_exit.o(.text) for _sys_exit
    defsig_rtmem_inner.o(.text) refers to defsig_general.o(.text) for __default_signal_display
    __raise.o(.text) refers to defsig.o(CL$$defsig) for __default_signal_handler
    defsig_general.o(.text) refers to sys_wrch.o(.text) for _ttywrch
    sys_wrch.o(.text) refers (Special) to use_no_semi.o(.text) for __I$use$semihosting
    sys_wrch.o(.text) refers (Special) to indicate_semi.o(.text) for __semihosting_library_function
    sys_wrch_hlt.o(.text) refers (Special) to use_no_semi.o(.text) for __I$use$semihosting
    sys_wrch_hlt.o(.text) refers (Special) to indicate_semi.o(.text) for __semihosting_library_function
    defsig.o(CL$$defsig) refers to defsig_rtmem_inner.o(.text) for __rt_SIGRTMEM_inner
    defsig_abrt_inner.o(.text) refers to defsig_general.o(.text) for __default_signal_display
    defsig_fpe_inner.o(.text) refers to defsig_general.o(.text) for __default_signal_display
    defsig_rtred_inner.o(.text) refers to defsig_general.o(.text) for __default_signal_display
    defsig_stak_inner.o(.text) refers to defsig_general.o(.text) for __default_signal_display
    defsig_pvfn_inner.o(.text) refers to defsig_general.o(.text) for __default_signal_display
    defsig_cppl_inner.o(.text) refers to defsig_general.o(.text) for __default_signal_display
    defsig_segv_inner.o(.text) refers to defsig_general.o(.text) for __default_signal_display
    defsig_other.o(.text) refers to defsig_general.o(.text) for __default_signal_display


==============================================================================

Removing Unused input sections from the image.

    Removing ibus.o(.text), (0 bytes).
    Removing ibus.o(.ARM.exidx.text.USART1_IRQHandler), (8 bytes).
    Removing main.o(.text), (0 bytes).
    Removing main.o(.ARM.exidx.text.main), (8 bytes).
    Removing main.o(.ARM.use_no_argv), (4 bytes).
    Removing rcc_config.o(.text), (0 bytes).
    Removing rcc_config.o(.ARM.exidx.text.systickConfig), (8 bytes).
    Removing rcc_config.o(.ARM.exidx.text.SysTick_Config), (8 bytes).
    Removing rcc_config.o(.ARM.exidx.text.__NVIC_SetPriorityGrouping), (8 bytes).
    Removing rcc_config.o(.ARM.exidx.text.__NVIC_SetPriority), (8 bytes).
    Removing rcc_config.o(.ARM.exidx.text.micros), (8 bytes).
    Removing rcc_config.o(.ARM.exidx.text.millis), (8 bytes).
    Removing rcc_config.o(.ARM.exidx.text.delayMilliseconds), (8 bytes).
    Removing rcc_config.o(.text.delayMicroseconds), (24 bytes).
    Removing rcc_config.o(.ARM.exidx.text.delayMicroseconds), (8 bytes).
    Removing rcc_config.o(.ARM.exidx.text.SysTick_Handler), (8 bytes).
    Removing rcc_config.o(.ARM.exidx.text.clockConfig), (8 bytes).
    Removing timer.o(.text), (0 bytes).
    Removing timer.o(.ARM.exidx.text.DshotInit), (8 bytes).
    Removing timer.o(.ARM.exidx.text.__NVIC_SetPriority), (8 bytes).
    Removing timer.o(.ARM.exidx.text.__NVIC_EnableIRQ), (8 bytes).
    Removing timer.o(.ARM.exidx.text.prepareDshotPacket), (8 bytes).
    Removing timer.o(.ARM.exidx.text.DshotIssueCommand), (8 bytes).
    Removing timer.o(.ARM.exidx.text.convertPWMtoDshot), (8 bytes).
    Removing timer.o(.ARM.exidx.text.DMA1_Stream4_IRQHandler), (8 bytes).
    Removing timer.o(.ARM.exidx.text.DMA1_Stream5_IRQHandler), (8 bytes).
    Removing timer.o(.ARM.exidx.text.DMA1_Stream0_IRQHandler), (8 bytes).
    Removing timer.o(.ARM.exidx.text.DMA1_Stream3_IRQHandler), (8 bytes).
    Removing usart.o(.text), (0 bytes).
    Removing usart.o(.ARM.exidx.text.USART1Init), (8 bytes).
    Removing usart.o(.ARM.exidx.text.__NVIC_SetPriority), (8 bytes).
    Removing usart.o(.ARM.exidx.text.__NVIC_EnableIRQ), (8 bytes).
    Removing usart.o(.text.USART2Init), (114 bytes).
    Removing usart.o(.ARM.exidx.text.USART2Init), (8 bytes).
    Removing usart.o(.ARM.exidx.text.printMsg), (8 bytes).
    Removing spi.o(.text), (0 bytes).
    Removing spi.o(.ARM.exidx.text.SPI1GPIOInit), (8 bytes).
    Removing spi.o(.ARM.exidx.text.SPI1Init), (8 bytes).
    Removing spi.o(.ARM.exidx.text.SPIEnable), (8 bytes).
    Removing spi.o(.text.SPIDisable), (10 bytes).
    Removing spi.o(.ARM.exidx.text.SPIDisable), (8 bytes).
    Removing spi.o(.ARM.exidx.text.SPITransfer), (8 bytes).
    Removing spi.o(.text.SetSPIClockTo), (156 bytes).
    Removing spi.o(.ARM.exidx.text.SetSPIClockTo), (8 bytes).
    Removing mpu6000.o(.text), (0 bytes).
    Removing mpu6000.o(.ARM.exidx.text.isPresentMPU6000), (8 bytes).
    Removing mpu6000.o(.ARM.exidx.text.initMPU6000), (8 bytes).
    Removing mpu6000.o(.ARM.exidx.text.readMPU6000), (8 bytes).
    Removing mpu6000.o(.ARM.exidx.text.calibrateMPU6000), (8 bytes).
    Removing complementary_filter.o(.text), (0 bytes).
    Removing complementary_filter.o(.ARM.exidx.text.getAccAngles), (8 bytes).
    Removing complementary_filter.o(.ARM.exidx.text.getGyroRates), (8 bytes).
    Removing complementary_filter.o(.ARM.exidx.text.complementaryCalculate), (8 bytes).
    Removing led_config.o(.text), (0 bytes).
    Removing led_config.o(.ARM.exidx.text.ledSetup), (8 bytes).
    Removing task.o(.text), (0 bytes).
    Removing task.o(.ARM.exidx.text.sysSetup), (8 bytes).
    Removing task.o(.ARM.exidx.text.sensorCheck), (8 bytes).
    Removing task.o(.ARM.exidx.text.sensorInit), (8 bytes).
    Removing task.o(.ARM.exidx.text.sensorCalibrate), (8 bytes).
    Removing task.o(.ARM.exidx.text.throttleCheck), (8 bytes).
    Removing task.o(.ARM.exidx.text.armESC), (8 bytes).
    Removing task.o(.ARM.exidx.text.flightProcedure), (8 bytes).
    Removing pid.o(.text), (0 bytes).
    Removing pid.o(.ARM.exidx.text.pidCalculate), (8 bytes).
    Removing pid.o(.ARM.exidx.text.armProcedure), (8 bytes).
    Removing mixer.o(.text), (0 bytes).
    Removing mixer.o(.ARM.exidx.text.outputMotors), (8 bytes).
    Removing mahonyahrs.o(.text), (0 bytes).
    Removing mahonyahrs.o(.text.MahonyAHRSupdate), (1208 bytes).
    Removing mahonyahrs.o(.ARM.exidx.text.MahonyAHRSupdate), (8 bytes).
    Removing mahonyahrs.o(.text.MahonyAHRSupdateIMU), (780 bytes).
    Removing mahonyahrs.o(.ARM.exidx.text.MahonyAHRSupdateIMU), (8 bytes).
    Removing mahonyahrs.o(.text.invSqrt), (50 bytes).
    Removing mahonyahrs.o(.ARM.exidx.text.invSqrt), (8 bytes).
    Removing mahonyahrs.o(.data.twoKp), (4 bytes).
    Removing mahonyahrs.o(.bss.twoKi), (4 bytes).
    Removing mahonyahrs.o(.data.q0), (4 bytes).
    Removing mahonyahrs.o(.bss.q1), (4 bytes).
    Removing mahonyahrs.o(.bss.q2), (4 bytes).
    Removing mahonyahrs.o(.bss.q3), (4 bytes).
    Removing mahonyahrs.o(.bss.integralFBx), (4 bytes).
    Removing mahonyahrs.o(.bss.integralFBy), (4 bytes).
    Removing mahonyahrs.o(.bss.integralFBz), (4 bytes).
    Removing system_stm32f4xx.o(.text), (0 bytes).
    Removing system_stm32f4xx.o(.ARM.exidx.text.SystemInit), (8 bytes).
    Removing system_stm32f4xx.o(.text.SystemCoreClockUpdate), (126 bytes).
    Removing system_stm32f4xx.o(.ARM.exidx.text.SystemCoreClockUpdate), (8 bytes).
    Removing system_stm32f4xx.o(.rodata.AHBPrescTable), (16 bytes).
    Removing system_stm32f4xx.o(.rodata.APBPrescTable), (8 bytes).

90 unused section(s) (total 2980 bytes) removed from the image.

==============================================================================

Image Symbol Table

    Local Symbols

    Symbol Name                              Value     Ov Type        Size  Object(Section)

    ../clib/angel/boardlib.s                 0x00000000   Number         0  boardinit1.o ABSOLUTE
    ../clib/angel/boardlib.s                 0x00000000   Number         0  boardinit2.o ABSOLUTE
    ../clib/angel/boardlib.s                 0x00000000   Number         0  boardinit3.o ABSOLUTE
    ../clib/angel/boardlib.s                 0x00000000   Number         0  boardshut.o ABSOLUTE
    ../clib/angel/handlers.s                 0x00000000   Number         0  __scatter_copy.o ABSOLUTE
    ../clib/angel/handlers.s                 0x00000000   Number         0  __scatter_zi.o ABSOLUTE
    ../clib/angel/kernel.s                   0x00000000   Number         0  __rtentry.o ABSOLUTE
    ../clib/angel/kernel.s                   0x00000000   Number         0  __rtentry2.o ABSOLUTE
    ../clib/angel/kernel.s                   0x00000000   Number         0  __rtentry4.o ABSOLUTE
    ../clib/angel/kernel.s                   0x00000000   Number         0  rtexit.o ABSOLUTE
    ../clib/angel/kernel.s                   0x00000000   Number         0  rtexit2.o ABSOLUTE
    ../clib/angel/rt.s                       0x00000000   Number         0  rt_errno_addr.o ABSOLUTE
    ../clib/angel/rt.s                       0x00000000   Number         0  rt_errno_addr_intlibspace.o ABSOLUTE
    ../clib/angel/rt.s                       0x00000000   Number         0  rt_raise.o ABSOLUTE
    ../clib/angel/scatter.s                  0x00000000   Number         0  __scatter.o ABSOLUTE
    ../clib/angel/startup.s                  0x00000000   Number         0  __main.o ABSOLUTE
    ../clib/angel/sys.s                      0x00000000   Number         0  libspace.o ABSOLUTE
    ../clib/angel/sys.s                      0x00000000   Number         0  sys_stackheap_outer.o ABSOLUTE
    ../clib/angel/sys.s                      0x00000000   Number         0  use_no_semi.o ABSOLUTE
    ../clib/angel/sys.s                      0x00000000   Number         0  indicate_semi.o ABSOLUTE
    ../clib/angel/sysapp.c                   0x00000000   Number         0  sys_exit.o ABSOLUTE
    ../clib/angel/sysapp.c                   0x00000000   Number         0  sys_exit_hlt.o ABSOLUTE
    ../clib/angel/sysapp.c                   0x00000000   Number         0  sys_command.o ABSOLUTE
    ../clib/angel/sysapp.c                   0x00000000   Number         0  sys_command_hlt.o ABSOLUTE
    ../clib/angel/sysapp.c                   0x00000000   Number         0  sys_wrch.o ABSOLUTE
    ../clib/angel/sysapp.c                   0x00000000   Number         0  sys_wrch_hlt.o ABSOLUTE
    ../clib/armsys.c                         0x00000000   Number         0  argv_veneer.o ABSOLUTE
    ../clib/armsys.c                         0x00000000   Number         0  argv_veneer.o ABSOLUTE
    ../clib/armsys.c                         0x00000000   Number         0  _get_argv_nomalloc.o ABSOLUTE
    ../clib/armsys.c                         0x00000000   Number         0  no_argv.o ABSOLUTE
    ../clib/fenv.c                           0x00000000   Number         0  _rserrno.o ABSOLUTE
    ../clib/heapalloc.c                      0x00000000   Number         0  hrguard.o ABSOLUTE
    ../clib/heapaux.c                        0x00000000   Number         0  heapauxi.o ABSOLUTE
    ../clib/libinit.s                        0x00000000   Number         0  libinit.o ABSOLUTE
    ../clib/libinit.s                        0x00000000   Number         0  libinit2.o ABSOLUTE
    ../clib/libinit.s                        0x00000000   Number         0  libshutdown.o ABSOLUTE
    ../clib/libinit.s                        0x00000000   Number         0  libshutdown2.o ABSOLUTE
    ../clib/signal.c                         0x00000000   Number         0  defsig_rtmem_outer.o ABSOLUTE
    ../clib/signal.c                         0x00000000   Number         0  defsig_rtmem_formal.o ABSOLUTE
    ../clib/signal.c                         0x00000000   Number         0  defsig_exit.o ABSOLUTE
    ../clib/signal.c                         0x00000000   Number         0  defsig_rtmem_inner.o ABSOLUTE
    ../clib/signal.c                         0x00000000   Number         0  __raise.o ABSOLUTE
    ../clib/signal.c                         0x00000000   Number         0  defsig_general.o ABSOLUTE
    ../clib/signal.c                         0x00000000   Number         0  defsig_abrt_inner.o ABSOLUTE
    ../clib/signal.c                         0x00000000   Number         0  defsig_fpe_inner.o ABSOLUTE
    ../clib/signal.c                         0x00000000   Number         0  defsig_rtred_inner.o ABSOLUTE
    ../clib/signal.c                         0x00000000   Number         0  defsig_stak_inner.o ABSOLUTE
    ../clib/signal.c                         0x00000000   Number         0  defsig_pvfn_inner.o ABSOLUTE
    ../clib/signal.c                         0x00000000   Number         0  defsig_cppl_inner.o ABSOLUTE
    ../clib/signal.c                         0x00000000   Number         0  defsig_segv_inner.o ABSOLUTE
    ../clib/signal.c                         0x00000000   Number         0  defsig_other.o ABSOLUTE
    ../clib/signal.s                         0x00000000   Number         0  defsig.o ABSOLUTE
    ../clib/stdlib.c                         0x00000000   Number         0  exit.o ABSOLUTE
    ../fplib/d2f.s                           0x00000000   Number         0  d2f.o ABSOLUTE
    ../fplib/dflt.s                          0x00000000   Number         0  dflt_clz.o ABSOLUTE
    ../fplib/dnaninf.s                       0x00000000   Number         0  dnaninf.o ABSOLUTE
    ../fplib/dsqrt.s                         0x00000000   Number         0  dsqrt_umaal.o ABSOLUTE
    ../fplib/fpinit.s                        0x00000000   Number         0  fpinit.o ABSOLUTE
    ../fplib/fretinf.s                       0x00000000   Number         0  fretinf.o ABSOLUTE
    ../fplib/usenofp.s                       0x00000000   Number         0  usenofp.o ABSOLUTE
    ../mathlib/asinf.c                       0x00000000   Number         0  asinf.o ABSOLUTE
    ../mathlib/fpclassifyf.c                 0x00000000   Number         0  fpclassifyf.o ABSOLUTE
    ../mathlib/funder.c                      0x00000000   Number         0  funder.o ABSOLUTE
    ../mathlib/rredf.c                       0x00000000   Number         0  rredf.o ABSOLUTE
    ../mathlib/sinf.c                        0x00000000   Number         0  sinf.o ABSOLUTE
    ../mathlib/sqrt.c                        0x00000000   Number         0  sqrt.o ABSOLUTE
    ../mathlib/sqrtf.c                       0x00000000   Number         0  sqrtf.o ABSOLUTE
    LED_Config.c                             0x00000000   Number         0  led_config.o ABSOLUTE
    MahonyAHRS.c                             0x00000000   Number         0  mahonyahrs.o ABSOLUTE
    RCC_Config.c                             0x00000000   Number         0  rcc_config.o ABSOLUTE
    RTE/Device/STM32F411CEUx/startup_stm32f411xe.s 0x00000000   Number         0  startup_stm32f411xe.o ABSOLUTE
    SPI.c                                    0x00000000   Number         0  spi.o ABSOLUTE
    complementary_filter.c                   0x00000000   Number         0  complementary_filter.o ABSOLUTE
    dc.s                                     0x00000000   Number         0  dc.o ABSOLUTE
    ibus.c                                   0x00000000   Number         0  ibus.o ABSOLUTE
    main.c                                   0x00000000   Number         0  main.o ABSOLUTE
    mixer.c                                  0x00000000   Number         0  mixer.o ABSOLUTE
    mpu6000.c                                0x00000000   Number         0  mpu6000.o ABSOLUTE
    pid.c                                    0x00000000   Number         0  pid.o ABSOLUTE
    system_stm32f4xx.c                       0x00000000   Number         0  system_stm32f4xx.o ABSOLUTE
    task.c                                   0x00000000   Number         0  task.o ABSOLUTE
    timer.c                                  0x00000000   Number         0  timer.o ABSOLUTE
    usart.c                                  0x00000000   Number         0  usart.o ABSOLUTE
    RESET                                    0x08000000   Section      408  startup_stm32f411xe.o(RESET)
    !!!main                                  0x08000198   Section        8  __main.o(!!!main)
    !!!scatter                               0x080001a0   Section       52  __scatter.o(!!!scatter)
    !!handler_copy                           0x080001d4   Section       26  __scatter_copy.o(!!handler_copy)
    !!handler_zi                             0x080001f0   Section       28  __scatter_zi.o(!!handler_zi)
    .ARM.Collect$$libinit$$00000000          0x0800020c   Section        2  libinit.o(.ARM.Collect$$libinit$$00000000)
    .ARM.Collect$$libinit$$00000001          0x0800020e   Section        4  libinit2.o(.ARM.Collect$$libinit$$00000001)
    .ARM.Collect$$libinit$$00000004          0x08000212   Section        0  libinit2.o(.ARM.Collect$$libinit$$00000004)
    .ARM.Collect$$libinit$$0000000A          0x08000212   Section        0  libinit2.o(.ARM.Collect$$libinit$$0000000A)
    .ARM.Collect$$libinit$$0000000C          0x08000212   Section        0  libinit2.o(.ARM.Collect$$libinit$$0000000C)
    .ARM.Collect$$libinit$$0000000E          0x08000212   Section        0  libinit2.o(.ARM.Collect$$libinit$$0000000E)
    .ARM.Collect$$libinit$$00000011          0x08000212   Section        0  libinit2.o(.ARM.Collect$$libinit$$00000011)
    .ARM.Collect$$libinit$$00000013          0x08000212   Section        0  libinit2.o(.ARM.Collect$$libinit$$00000013)
    .ARM.Collect$$libinit$$00000015          0x08000212   Section        0  libinit2.o(.ARM.Collect$$libinit$$00000015)
    .ARM.Collect$$libinit$$00000017          0x08000212   Section        0  libinit2.o(.ARM.Collect$$libinit$$00000017)
    .ARM.Collect$$libinit$$00000019          0x08000212   Section        0  libinit2.o(.ARM.Collect$$libinit$$00000019)
    .ARM.Collect$$libinit$$0000001B          0x08000212   Section        0  libinit2.o(.ARM.Collect$$libinit$$0000001B)
    .ARM.Collect$$libinit$$0000001D          0x08000212   Section        0  libinit2.o(.ARM.Collect$$libinit$$0000001D)
    .ARM.Collect$$libinit$$0000001F          0x08000212   Section        0  libinit2.o(.ARM.Collect$$libinit$$0000001F)
    .ARM.Collect$$libinit$$00000021          0x08000212   Section        0  libinit2.o(.ARM.Collect$$libinit$$00000021)
    .ARM.Collect$$libinit$$00000023          0x08000212   Section        0  libinit2.o(.ARM.Collect$$libinit$$00000023)
    .ARM.Collect$$libinit$$00000025          0x08000212   Section        0  libinit2.o(.ARM.Collect$$libinit$$00000025)
    .ARM.Collect$$libinit$$0000002C          0x08000212   Section        0  libinit2.o(.ARM.Collect$$libinit$$0000002C)
    .ARM.Collect$$libinit$$0000002E          0x08000212   Section        0  libinit2.o(.ARM.Collect$$libinit$$0000002E)
    .ARM.Collect$$libinit$$00000030          0x08000212   Section        0  libinit2.o(.ARM.Collect$$libinit$$00000030)
    .ARM.Collect$$libinit$$00000032          0x08000212   Section        0  libinit2.o(.ARM.Collect$$libinit$$00000032)
    .ARM.Collect$$libinit$$00000033          0x08000212   Section        2  libinit2.o(.ARM.Collect$$libinit$$00000033)
    .ARM.Collect$$libshutdown$$00000000      0x08000214   Section        2  libshutdown.o(.ARM.Collect$$libshutdown$$00000000)
    .ARM.Collect$$libshutdown$$00000002      0x08000216   Section        0  libshutdown2.o(.ARM.Collect$$libshutdown$$00000002)
    .ARM.Collect$$libshutdown$$00000004      0x08000216   Section        0  libshutdown2.o(.ARM.Collect$$libshutdown$$00000004)
    .ARM.Collect$$libshutdown$$00000007      0x08000216   Section        0  libshutdown2.o(.ARM.Collect$$libshutdown$$00000007)
    .ARM.Collect$$libshutdown$$0000000A      0x08000216   Section        0  libshutdown2.o(.ARM.Collect$$libshutdown$$0000000A)
    .ARM.Collect$$libshutdown$$0000000C      0x08000216   Section        0  libshutdown2.o(.ARM.Collect$$libshutdown$$0000000C)
    .ARM.Collect$$libshutdown$$0000000F      0x08000216   Section        0  libshutdown2.o(.ARM.Collect$$libshutdown$$0000000F)
    .ARM.Collect$$libshutdown$$00000010      0x08000216   Section        2  libshutdown2.o(.ARM.Collect$$libshutdown$$00000010)
    .ARM.Collect$$rtentry$$00000000          0x08000218   Section        0  __rtentry.o(.ARM.Collect$$rtentry$$00000000)
    .ARM.Collect$$rtentry$$00000002          0x08000218   Section        0  __rtentry2.o(.ARM.Collect$$rtentry$$00000002)
    .ARM.Collect$$rtentry$$00000004          0x08000218   Section        6  __rtentry4.o(.ARM.Collect$$rtentry$$00000004)
    .ARM.Collect$$rtentry$$00000009          0x0800021e   Section        0  __rtentry2.o(.ARM.Collect$$rtentry$$00000009)
    .ARM.Collect$$rtentry$$0000000A          0x0800021e   Section        4  __rtentry2.o(.ARM.Collect$$rtentry$$0000000A)
    .ARM.Collect$$rtentry$$0000000C          0x08000222   Section        0  __rtentry2.o(.ARM.Collect$$rtentry$$0000000C)
    .ARM.Collect$$rtentry$$0000000D          0x08000222   Section        8  __rtentry2.o(.ARM.Collect$$rtentry$$0000000D)
    .ARM.Collect$$rtexit$$00000000           0x0800022a   Section        2  rtexit.o(.ARM.Collect$$rtexit$$00000000)
    .ARM.Collect$$rtexit$$00000002           0x0800022c   Section        0  rtexit2.o(.ARM.Collect$$rtexit$$00000002)
    .ARM.Collect$$rtexit$$00000003           0x0800022c   Section        4  rtexit2.o(.ARM.Collect$$rtexit$$00000003)
    .ARM.Collect$$rtexit$$00000004           0x08000230   Section        6  rtexit2.o(.ARM.Collect$$rtexit$$00000004)
    $v0                                      0x08000238   Number         0  startup_stm32f411xe.o(.text)
    .text                                    0x08000238   Section       64  startup_stm32f411xe.o(.text)
    .text                                    0x08000278   Section        0  heapauxi.o(.text)
    .text                                    0x0800027e   Section        0  _rserrno.o(.text)
    .text                                    0x08000294   Section        8  rt_errno_addr_intlibspace.o(.text)
    .text                                    0x0800029c   Section        8  libspace.o(.text)
    .text                                    0x080002a4   Section       74  sys_stackheap_outer.o(.text)
    .text                                    0x080002ee   Section        0  exit.o(.text)
    .text                                    0x08000300   Section        0  sys_exit.o(.text)
    .text                                    0x0800030c   Section        2  use_no_semi.o(.text)
    .text                                    0x0800030e   Section        0  indicate_semi.o(.text)
    [Anonymous Symbol]                       0x08000310   Section        0  timer.o(.text.DMA1_Stream0_IRQHandler)
    [Anonymous Symbol]                       0x08000344   Section        0  timer.o(.text.DMA1_Stream3_IRQHandler)
    [Anonymous Symbol]                       0x08000378   Section        0  timer.o(.text.DMA1_Stream4_IRQHandler)
    [Anonymous Symbol]                       0x080003ac   Section        0  timer.o(.text.DMA1_Stream5_IRQHandler)
    [Anonymous Symbol]                       0x080003e0   Section        0  timer.o(.text.DshotInit)
    [Anonymous Symbol]                       0x080005b4   Section        0  timer.o(.text.DshotIssueCommand)
    [Anonymous Symbol]                       0x080006e4   Section        0  spi.o(.text.SPI1GPIOInit)
    [Anonymous Symbol]                       0x08000728   Section        0  spi.o(.text.SPI1Init)
    [Anonymous Symbol]                       0x08000794   Section        0  spi.o(.text.SPIEnable)
    [Anonymous Symbol]                       0x080007a0   Section        0  spi.o(.text.SPITransfer)
    SysTick_Config                           0x080007d9   Thumb Code    36  rcc_config.o(.text.SysTick_Config)
    [Anonymous Symbol]                       0x080007d8   Section        0  rcc_config.o(.text.SysTick_Config)
    [Anonymous Symbol]                       0x080007fc   Section        0  rcc_config.o(.text.SysTick_Handler)
    [Anonymous Symbol]                       0x0800080c   Section        0  system_stm32f4xx.o(.text.SystemInit)
    [Anonymous Symbol]                       0x08000828   Section        0  usart.o(.text.USART1Init)
    [Anonymous Symbol]                       0x080008a0   Section        0  ibus.o(.text.USART1_IRQHandler)
    __NVIC_EnableIRQ                         0x08000955   Thumb Code    22  timer.o(.text.__NVIC_EnableIRQ)
    [Anonymous Symbol]                       0x08000954   Section        0  timer.o(.text.__NVIC_EnableIRQ)
    __NVIC_EnableIRQ                         0x0800096d   Thumb Code    14  usart.o(.text.__NVIC_EnableIRQ)
    [Anonymous Symbol]                       0x0800096c   Section        0  usart.o(.text.__NVIC_EnableIRQ)
    __NVIC_SetPriority                       0x0800097d   Thumb Code    14  rcc_config.o(.text.__NVIC_SetPriority)
    [Anonymous Symbol]                       0x0800097c   Section        0  rcc_config.o(.text.__NVIC_SetPriority)
    __NVIC_SetPriority                       0x0800098d   Thumb Code    16  timer.o(.text.__NVIC_SetPriority)
    [Anonymous Symbol]                       0x0800098c   Section        0  timer.o(.text.__NVIC_SetPriority)
    __NVIC_SetPriority                       0x0800099d   Thumb Code    14  usart.o(.text.__NVIC_SetPriority)
    [Anonymous Symbol]                       0x0800099c   Section        0  usart.o(.text.__NVIC_SetPriority)
    __NVIC_SetPriorityGrouping               0x080009ad   Thumb Code    28  rcc_config.o(.text.__NVIC_SetPriorityGrouping)
    [Anonymous Symbol]                       0x080009ac   Section        0  rcc_config.o(.text.__NVIC_SetPriorityGrouping)
    [Anonymous Symbol]                       0x080009c8   Section        0  task.o(.text.armESC)
    [Anonymous Symbol]                       0x080009fc   Section        0  pid.o(.text.armProcedure)
    [Anonymous Symbol]                       0x08000c28   Section        0  mpu6000.o(.text.calibrateMPU6000)
    [Anonymous Symbol]                       0x08000d40   Section        0  rcc_config.o(.text.clockConfig)
    [Anonymous Symbol]                       0x08000dd0   Section        0  complementary_filter.o(.text.complementaryCalculate)
    [Anonymous Symbol]                       0x08000f08   Section        0  timer.o(.text.convertPWMtoDshot)
    [Anonymous Symbol]                       0x08000f64   Section        0  rcc_config.o(.text.delayMilliseconds)
    [Anonymous Symbol]                       0x08000f7c   Section        0  task.o(.text.flightProcedure)
    [Anonymous Symbol]                       0x08000f98   Section        0  complementary_filter.o(.text.getAccAngles)
    [Anonymous Symbol]                       0x0800107c   Section        0  complementary_filter.o(.text.getGyroRates)
    [Anonymous Symbol]                       0x08001134   Section        0  mpu6000.o(.text.initMPU6000)
    [Anonymous Symbol]                       0x0800129c   Section        0  mpu6000.o(.text.isPresentMPU6000)
    [Anonymous Symbol]                       0x080012d8   Section        0  led_config.o(.text.ledSetup)
    [Anonymous Symbol]                       0x08001314   Section        0  main.o(.text.main)
    [Anonymous Symbol]                       0x08001348   Section        0  rcc_config.o(.text.micros)
    [Anonymous Symbol]                       0x08001384   Section        0  rcc_config.o(.text.millis)
    [Anonymous Symbol]                       0x08001390   Section        0  mixer.o(.text.outputMotors)
    [Anonymous Symbol]                       0x08001520   Section        0  pid.o(.text.pidCalculate)
    [Anonymous Symbol]                       0x08001750   Section        0  timer.o(.text.prepareDshotPacket)
    [Anonymous Symbol]                       0x08001774   Section        0  usart.o(.text.printMsg)
    [Anonymous Symbol]                       0x08001778   Section        0  mpu6000.o(.text.readMPU6000)
    [Anonymous Symbol]                       0x080018f0   Section        0  task.o(.text.sensorCalibrate)
    [Anonymous Symbol]                       0x08001944   Section        0  task.o(.text.sensorCheck)
    [Anonymous Symbol]                       0x080019a4   Section        0  task.o(.text.sensorInit)
    [Anonymous Symbol]                       0x080019ac   Section        0  task.o(.text.sysSetup)
    [Anonymous Symbol]                       0x080019c4   Section        0  rcc_config.o(.text.systickConfig)
    [Anonymous Symbol]                       0x080019f4   Section        0  task.o(.text.throttleCheck)
    i.__ARM_fpclassifyf                      0x08001a76   Section        0  fpclassifyf.o(i.__ARM_fpclassifyf)
    i.__hardfp_asinf                         0x08001a9c   Section        0  asinf.o(i.__hardfp_asinf)
    i.__hardfp_sinf                          0x08001bc8   Section        0  sinf.o(i.__hardfp_sinf)
    i.__hardfp_sqrt                          0x08001d58   Section        0  sqrt.o(i.__hardfp_sqrt)
    i.__mathlib_flt_infnan                   0x08001dd2   Section        0  funder.o(i.__mathlib_flt_infnan)
    i.__mathlib_flt_invalid                  0x08001dd8   Section        0  funder.o(i.__mathlib_flt_invalid)
    i.__mathlib_flt_underflow                0x08001de8   Section        0  funder.o(i.__mathlib_flt_underflow)
    i.__mathlib_rredf2                       0x08001df8   Section        0  rredf.o(i.__mathlib_rredf2)
    i.sqrtf                                  0x08001f4c   Section        0  sqrtf.o(i.sqrtf)
    $v0                                      0x08001f8c   Number         0  d2f.o(x$fpl$d2f)
    x$fpl$d2f                                0x08001f8c   Section       98  d2f.o(x$fpl$d2f)
    $v0                                      0x08001fee   Number         0  dflt_clz.o(x$fpl$dflt)
    x$fpl$dflt                               0x08001fee   Section       46  dflt_clz.o(x$fpl$dflt)
    $v0                                      0x0800201c   Number         0  dnaninf.o(x$fpl$dnaninf)
    x$fpl$dnaninf                            0x0800201c   Section      156  dnaninf.o(x$fpl$dnaninf)
    $v0                                      0x080020b8   Number         0  dsqrt_umaal.o(x$fpl$dsqrt)
    x$fpl$dsqrt                              0x080020b8   Section      408  dsqrt_umaal.o(x$fpl$dsqrt)
    $v0                                      0x08002250   Number         0  fpinit.o(x$fpl$fpinit)
    x$fpl$fpinit                             0x08002250   Section       26  fpinit.o(x$fpl$fpinit)
    $v0                                      0x0800226a   Number         0  fretinf.o(x$fpl$fretinf)
    x$fpl$fretinf                            0x0800226a   Section       10  fretinf.o(x$fpl$fretinf)
    twooverpi                                0x08002274   Data          32  rredf.o(.constdata)
    .constdata                               0x08002274   Section       32  rredf.o(.constdata)
    x$fpl$usenofp                            0x08002274   Section        0  usenofp.o(x$fpl$usenofp)
    .bss                                     0x20000008   Section       96  libspace.o(.bss)
    Micros                                   0x20000068   Data           4  rcc_config.o(.bss.Micros)
    [Anonymous Symbol]                       0x20000068   Section        0  rcc_config.o(.bss.Micros)
    Millis                                   0x2000006c   Data           4  rcc_config.o(.bss.Millis)
    [Anonymous Symbol]                       0x2000006c   Section        0  rcc_config.o(.bss.Millis)
    cal_int                                  0x20000088   Data           4  mpu6000.o(.bss.cal_int)
    [Anonymous Symbol]                       0x20000088   Section        0  mpu6000.o(.bss.cal_int)
    dshot_1                                  0x2000008c   Data           2  mixer.o(.bss.dshot_1)
    [Anonymous Symbol]                       0x2000008c   Section        0  mixer.o(.bss.dshot_1)
    dshot_2                                  0x2000008e   Data           2  mixer.o(.bss.dshot_2)
    [Anonymous Symbol]                       0x2000008e   Section        0  mixer.o(.bss.dshot_2)
    dshot_3                                  0x20000090   Data           2  mixer.o(.bss.dshot_3)
    [Anonymous Symbol]                       0x20000090   Section        0  mixer.o(.bss.dshot_3)
    esc_1                                    0x20000092   Data           2  mixer.o(.bss.esc_1)
    [Anonymous Symbol]                       0x20000092   Section        0  mixer.o(.bss.esc_1)
    esc_2                                    0x20000094   Data           2  mixer.o(.bss.esc_2)
    [Anonymous Symbol]                       0x20000094   Section        0  mixer.o(.bss.esc_2)
    esc_3                                    0x20000096   Data           2  mixer.o(.bss.esc_3)
    [Anonymous Symbol]                       0x20000096   Section        0  mixer.o(.bss.esc_3)
    esc_4                                    0x20000098   Data           2  mixer.o(.bss.esc_4)
    [Anonymous Symbol]                       0x20000098   Section        0  mixer.o(.bss.esc_4)
    gyro_pitch_cal                           0x2000009c   Data           4  mpu6000.o(.bss.gyro_pitch_cal)
    [Anonymous Symbol]                       0x2000009c   Section        0  mpu6000.o(.bss.gyro_pitch_cal)
    gyro_roll_cal                            0x200000a8   Data           4  mpu6000.o(.bss.gyro_roll_cal)
    [Anonymous Symbol]                       0x200000a8   Section        0  mpu6000.o(.bss.gyro_roll_cal)
    gyro_yaw_cal                             0x200000b4   Data           4  mpu6000.o(.bss.gyro_yaw_cal)
    [Anonymous Symbol]                       0x200000b4   Section        0  mpu6000.o(.bss.gyro_yaw_cal)
    ibus                                     0x200000bc   Data          32  ibus.o(.bss.ibus)
    [Anonymous Symbol]                       0x200000bc   Section        0  ibus.o(.bss.ibus)
    ibusIndex                                0x200000dc   Data           1  ibus.o(.bss.ibusIndex)
    [Anonymous Symbol]                       0x200000dc   Section        0  ibus.o(.bss.ibusIndex)
    pid_i_mem_pitch                          0x200000e0   Data           4  pid.o(.bss.pid_i_mem_pitch)
    [Anonymous Symbol]                       0x200000e0   Section        0  pid.o(.bss.pid_i_mem_pitch)
    pid_i_mem_roll                           0x200000e4   Data           4  pid.o(.bss.pid_i_mem_roll)
    [Anonymous Symbol]                       0x200000e4   Section        0  pid.o(.bss.pid_i_mem_roll)
    pid_i_mem_yaw                            0x200000e8   Data           4  pid.o(.bss.pid_i_mem_yaw)
    [Anonymous Symbol]                       0x200000e8   Section        0  pid.o(.bss.pid_i_mem_yaw)
    pid_last_pitch_d_error                   0x200000ec   Data           4  pid.o(.bss.pid_last_pitch_d_error)
    [Anonymous Symbol]                       0x200000ec   Section        0  pid.o(.bss.pid_last_pitch_d_error)
    pid_last_roll_d_error                    0x200000f0   Data           4  pid.o(.bss.pid_last_roll_d_error)
    [Anonymous Symbol]                       0x200000f0   Section        0  pid.o(.bss.pid_last_roll_d_error)
    pid_pitch_setpoint                       0x20000100   Data           4  pid.o(.bss.pid_pitch_setpoint)
    [Anonymous Symbol]                       0x20000100   Section        0  pid.o(.bss.pid_pitch_setpoint)
    pid_roll_setpoint                        0x20000104   Data           4  pid.o(.bss.pid_roll_setpoint)
    [Anonymous Symbol]                       0x20000104   Section        0  pid.o(.bss.pid_roll_setpoint)
    pid_yaw_setpoint                         0x20000108   Data           4  pid.o(.bss.pid_yaw_setpoint)
    [Anonymous Symbol]                       0x20000108   Section        0  pid.o(.bss.pid_yaw_setpoint)
    pulseTIM3CH1                             0x2000010c   Data          36  timer.o(.bss.pulseTIM3CH1)
    [Anonymous Symbol]                       0x2000010c   Section        0  timer.o(.bss.pulseTIM3CH1)
    pulseTIM3CH2                             0x20000130   Data          36  timer.o(.bss.pulseTIM3CH2)
    [Anonymous Symbol]                       0x20000130   Section        0  timer.o(.bss.pulseTIM3CH2)
    pulseTIM4CH1                             0x20000154   Data          36  timer.o(.bss.pulseTIM4CH1)
    [Anonymous Symbol]                       0x20000154   Section        0  timer.o(.bss.pulseTIM4CH1)
    pulseTIM4CH2                             0x20000178   Data          36  timer.o(.bss.pulseTIM4CH2)
    [Anonymous Symbol]                       0x20000178   Section        0  timer.o(.bss.pulseTIM4CH2)
    Heap_Mem                                 0x200001c0   Data         512  startup_stm32f411xe.o(HEAP)
    HEAP                                     0x200001c0   Section      512  startup_stm32f411xe.o(HEAP)
    Stack_Mem                                0x200003c0   Data        1024  startup_stm32f411xe.o(STACK)
    STACK                                    0x200003c0   Section     1024  startup_stm32f411xe.o(STACK)
    __initial_sp                             0x200007c0   Data           0  startup_stm32f411xe.o(STACK)

    Global Symbols

    Symbol Name                              Value     Ov Type        Size  Object(Section)

    BuildAttributes$$THM_ISAv4$E$P$D$K$B$S$7EM$VFPi3$EXTD16$VFPS$VFMA$PE$A:L22UL41UL21$X:L11$S22US41US21$IEEE1$IW$~IW$USESV6$~STKCKD$USESV7$~SHL$OTIME$ROPI$IEEEX$EBA8$UX$STANDARDLIB$REQ8$PRES8$EABIv2 0x00000000   Number         0  anon$$obj.o ABSOLUTE
    __ARM_exceptions_init                     - Undefined Weak Reference
    __alloca_initialize                       - Undefined Weak Reference
    __arm_preinit_                            - Undefined Weak Reference
    __cpp_initialize__aeabi_                  - Undefined Weak Reference
    __cxa_finalize                            - Undefined Weak Reference
    __rt_locale                               - Undefined Weak Reference
    __sigvec_lookup                           - Undefined Weak Reference
    _atexit_init                              - Undefined Weak Reference
    _call_atexit_fns                          - Undefined Weak Reference
    _clock_init                               - Undefined Weak Reference
    _fp_trap_init                             - Undefined Weak Reference
    _fp_trap_shutdown                         - Undefined Weak Reference
    _get_lc_collate                           - Undefined Weak Reference
    _get_lc_ctype                             - Undefined Weak Reference
    _get_lc_monetary                          - Undefined Weak Reference
    _get_lc_numeric                           - Undefined Weak Reference
    _get_lc_time                              - Undefined Weak Reference
    _getenv_init                              - Undefined Weak Reference
    _handle_redirection                       - Undefined Weak Reference
    _init_alloc                               - Undefined Weak Reference
    _init_user_alloc                          - Undefined Weak Reference
    _initio                                   - Undefined Weak Reference
    _rand_init                                - Undefined Weak Reference
    _signal_finish                            - Undefined Weak Reference
    _signal_init                              - Undefined Weak Reference
    _terminate_alloc                          - Undefined Weak Reference
    _terminate_user_alloc                     - Undefined Weak Reference
    _terminateio                              - Undefined Weak Reference
    __Vectors_Size                           0x00000198   Number         0  startup_stm32f411xe.o ABSOLUTE
    __Vectors                                0x08000000   Data           4  startup_stm32f411xe.o(RESET)
    __Vectors_End                            0x08000198   Data           0  startup_stm32f411xe.o(RESET)
    __main                                   0x08000199   Thumb Code     8  __main.o(!!!main)
    __scatterload                            0x080001a1   Thumb Code     0  __scatter.o(!!!scatter)
    __scatterload_rt2                        0x080001a1   Thumb Code    44  __scatter.o(!!!scatter)
    __scatterload_rt2_thumb_only             0x080001a1   Thumb Code     0  __scatter.o(!!!scatter)
    __scatterload_null                       0x080001af   Thumb Code     0  __scatter.o(!!!scatter)
    __scatterload_copy                       0x080001d5   Thumb Code    26  __scatter_copy.o(!!handler_copy)
    __scatterload_zeroinit                   0x080001f1   Thumb Code    28  __scatter_zi.o(!!handler_zi)
    __rt_lib_init                            0x0800020d   Thumb Code     0  libinit.o(.ARM.Collect$$libinit$$00000000)
    __rt_lib_init_fp_1                       0x0800020f   Thumb Code     0  libinit2.o(.ARM.Collect$$libinit$$00000001)
    __rt_lib_init_alloca_1                   0x08000213   Thumb Code     0  libinit2.o(.ARM.Collect$$libinit$$0000002E)
    __rt_lib_init_argv_1                     0x08000213   Thumb Code     0  libinit2.o(.ARM.Collect$$libinit$$0000002C)
    __rt_lib_init_atexit_1                   0x08000213   Thumb Code     0  libinit2.o(.ARM.Collect$$libinit$$0000001B)
    __rt_lib_init_clock_1                    0x08000213   Thumb Code     0  libinit2.o(.ARM.Collect$$libinit$$00000021)
    __rt_lib_init_cpp_1                      0x08000213   Thumb Code     0  libinit2.o(.ARM.Collect$$libinit$$00000032)
    __rt_lib_init_exceptions_1               0x08000213   Thumb Code     0  libinit2.o(.ARM.Collect$$libinit$$00000030)
    __rt_lib_init_fp_trap_1                  0x08000213   Thumb Code     0  libinit2.o(.ARM.Collect$$libinit$$0000001F)
    __rt_lib_init_getenv_1                   0x08000213   Thumb Code     0  libinit2.o(.ARM.Collect$$libinit$$00000023)
    __rt_lib_init_heap_1                     0x08000213   Thumb Code     0  libinit2.o(.ARM.Collect$$libinit$$0000000A)
    __rt_lib_init_lc_collate_1               0x08000213   Thumb Code     0  libinit2.o(.ARM.Collect$$libinit$$00000011)
    __rt_lib_init_lc_ctype_1                 0x08000213   Thumb Code     0  libinit2.o(.ARM.Collect$$libinit$$00000013)
    __rt_lib_init_lc_monetary_1              0x08000213   Thumb Code     0  libinit2.o(.ARM.Collect$$libinit$$00000015)
    __rt_lib_init_lc_numeric_1               0x08000213   Thumb Code     0  libinit2.o(.ARM.Collect$$libinit$$00000017)
    __rt_lib_init_lc_time_1                  0x08000213   Thumb Code     0  libinit2.o(.ARM.Collect$$libinit$$00000019)
    __rt_lib_init_preinit_1                  0x08000213   Thumb Code     0  libinit2.o(.ARM.Collect$$libinit$$00000004)
    __rt_lib_init_rand_1                     0x08000213   Thumb Code     0  libinit2.o(.ARM.Collect$$libinit$$0000000E)
    __rt_lib_init_return                     0x08000213   Thumb Code     0  libinit2.o(.ARM.Collect$$libinit$$00000033)
    __rt_lib_init_signal_1                   0x08000213   Thumb Code     0  libinit2.o(.ARM.Collect$$libinit$$0000001D)
    __rt_lib_init_stdio_1                    0x08000213   Thumb Code     0  libinit2.o(.ARM.Collect$$libinit$$00000025)
    __rt_lib_init_user_alloc_1               0x08000213   Thumb Code     0  libinit2.o(.ARM.Collect$$libinit$$0000000C)
    __rt_lib_shutdown                        0x08000215   Thumb Code     0  libshutdown.o(.ARM.Collect$$libshutdown$$00000000)
    __rt_lib_shutdown_cpp_1                  0x08000217   Thumb Code     0  libshutdown2.o(.ARM.Collect$$libshutdown$$00000002)
    __rt_lib_shutdown_fp_trap_1              0x08000217   Thumb Code     0  libshutdown2.o(.ARM.Collect$$libshutdown$$00000007)
    __rt_lib_shutdown_heap_1                 0x08000217   Thumb Code     0  libshutdown2.o(.ARM.Collect$$libshutdown$$0000000F)
    __rt_lib_shutdown_return                 0x08000217   Thumb Code     0  libshutdown2.o(.ARM.Collect$$libshutdown$$00000010)
    __rt_lib_shutdown_signal_1               0x08000217   Thumb Code     0  libshutdown2.o(.ARM.Collect$$libshutdown$$0000000A)
    __rt_lib_shutdown_stdio_1                0x08000217   Thumb Code     0  libshutdown2.o(.ARM.Collect$$libshutdown$$00000004)
    __rt_lib_shutdown_user_alloc_1           0x08000217   Thumb Code     0  libshutdown2.o(.ARM.Collect$$libshutdown$$0000000C)
    __rt_entry                               0x08000219   Thumb Code     0  __rtentry.o(.ARM.Collect$$rtentry$$00000000)
    __rt_entry_presh_1                       0x08000219   Thumb Code     0  __rtentry2.o(.ARM.Collect$$rtentry$$00000002)
    __rt_entry_sh                            0x08000219   Thumb Code     0  __rtentry4.o(.ARM.Collect$$rtentry$$00000004)
    __rt_entry_li                            0x0800021f   Thumb Code     0  __rtentry2.o(.ARM.Collect$$rtentry$$0000000A)
    __rt_entry_postsh_1                      0x0800021f   Thumb Code     0  __rtentry2.o(.ARM.Collect$$rtentry$$00000009)
    __rt_entry_main                          0x08000223   Thumb Code     0  __rtentry2.o(.ARM.Collect$$rtentry$$0000000D)
    __rt_entry_postli_1                      0x08000223   Thumb Code     0  __rtentry2.o(.ARM.Collect$$rtentry$$0000000C)
    __rt_exit                                0x0800022b   Thumb Code     0  rtexit.o(.ARM.Collect$$rtexit$$00000000)
    __rt_exit_ls                             0x0800022d   Thumb Code     0  rtexit2.o(.ARM.Collect$$rtexit$$00000003)
    __rt_exit_prels_1                        0x0800022d   Thumb Code     0  rtexit2.o(.ARM.Collect$$rtexit$$00000002)
    __rt_exit_exit                           0x08000231   Thumb Code     0  rtexit2.o(.ARM.Collect$$rtexit$$00000004)
    Reset_Handler                            0x08000239   Thumb Code     8  startup_stm32f411xe.o(.text)
    NMI_Handler                              0x08000241   Thumb Code     2  startup_stm32f411xe.o(.text)
    HardFault_Handler                        0x08000243   Thumb Code     2  startup_stm32f411xe.o(.text)
    MemManage_Handler                        0x08000245   Thumb Code     2  startup_stm32f411xe.o(.text)
    BusFault_Handler                         0x08000247   Thumb Code     2  startup_stm32f411xe.o(.text)
    UsageFault_Handler                       0x08000249   Thumb Code     2  startup_stm32f411xe.o(.text)
    SVC_Handler                              0x0800024b   Thumb Code     2  startup_stm32f411xe.o(.text)
    DebugMon_Handler                         0x0800024d   Thumb Code     2  startup_stm32f411xe.o(.text)
    PendSV_Handler                           0x0800024f   Thumb Code     2  startup_stm32f411xe.o(.text)
    ADC_IRQHandler                           0x08000253   Thumb Code     0  startup_stm32f411xe.o(.text)
    DMA1_Stream1_IRQHandler                  0x08000253   Thumb Code     0  startup_stm32f411xe.o(.text)
    DMA1_Stream2_IRQHandler                  0x08000253   Thumb Code     0  startup_stm32f411xe.o(.text)
    DMA1_Stream6_IRQHandler                  0x08000253   Thumb Code     0  startup_stm32f411xe.o(.text)
    DMA1_Stream7_IRQHandler                  0x08000253   Thumb Code     0  startup_stm32f411xe.o(.text)
    DMA2_Stream0_IRQHandler                  0x08000253   Thumb Code     0  startup_stm32f411xe.o(.text)
    DMA2_Stream1_IRQHandler                  0x08000253   Thumb Code     0  startup_stm32f411xe.o(.text)
    DMA2_Stream2_IRQHandler                  0x08000253   Thumb Code     0  startup_stm32f411xe.o(.text)
    DMA2_Stream3_IRQHandler                  0x08000253   Thumb Code     0  startup_stm32f411xe.o(.text)
    DMA2_Stream4_IRQHandler                  0x08000253   Thumb Code     0  startup_stm32f411xe.o(.text)
    DMA2_Stream5_IRQHandler                  0x08000253   Thumb Code     0  startup_stm32f411xe.o(.text)
    DMA2_Stream6_IRQHandler                  0x08000253   Thumb Code     0  startup_stm32f411xe.o(.text)
    DMA2_Stream7_IRQHandler                  0x08000253   Thumb Code     0  startup_stm32f411xe.o(.text)
    EXTI0_IRQHandler                         0x08000253   Thumb Code     0  startup_stm32f411xe.o(.text)
    EXTI15_10_IRQHandler                     0x08000253   Thumb Code     0  startup_stm32f411xe.o(.text)
    EXTI1_IRQHandler                         0x08000253   Thumb Code     0  startup_stm32f411xe.o(.text)
    EXTI2_IRQHandler                         0x08000253   Thumb Code     0  startup_stm32f411xe.o(.text)
    EXTI3_IRQHandler                         0x08000253   Thumb Code     0  startup_stm32f411xe.o(.text)
    EXTI4_IRQHandler                         0x08000253   Thumb Code     0  startup_stm32f411xe.o(.text)
    EXTI9_5_IRQHandler                       0x08000253   Thumb Code     0  startup_stm32f411xe.o(.text)
    FLASH_IRQHandler                         0x08000253   Thumb Code     0  startup_stm32f411xe.o(.text)
    FPU_IRQHandler                           0x08000253   Thumb Code     0  startup_stm32f411xe.o(.text)
    I2C1_ER_IRQHandler                       0x08000253   Thumb Code     0  startup_stm32f411xe.o(.text)
    I2C1_EV_IRQHandler                       0x08000253   Thumb Code     0  startup_stm32f411xe.o(.text)
    I2C2_ER_IRQHandler                       0x08000253   Thumb Code     0  startup_stm32f411xe.o(.text)
    I2C2_EV_IRQHandler                       0x08000253   Thumb Code     0  startup_stm32f411xe.o(.text)
    I2C3_ER_IRQHandler                       0x08000253   Thumb Code     0  startup_stm32f411xe.o(.text)
    I2C3_EV_IRQHandler                       0x08000253   Thumb Code     0  startup_stm32f411xe.o(.text)
    OTG_FS_IRQHandler                        0x08000253   Thumb Code     0  startup_stm32f411xe.o(.text)
    OTG_FS_WKUP_IRQHandler                   0x08000253   Thumb Code     0  startup_stm32f411xe.o(.text)
    PVD_IRQHandler                           0x08000253   Thumb Code     0  startup_stm32f411xe.o(.text)
    RCC_IRQHandler                           0x08000253   Thumb Code     0  startup_stm32f411xe.o(.text)
    RTC_Alarm_IRQHandler                     0x08000253   Thumb Code     0  startup_stm32f411xe.o(.text)
    RTC_WKUP_IRQHandler                      0x08000253   Thumb Code     0  startup_stm32f411xe.o(.text)
    SDIO_IRQHandler                          0x08000253   Thumb Code     0  startup_stm32f411xe.o(.text)
    SPI1_IRQHandler                          0x08000253   Thumb Code     0  startup_stm32f411xe.o(.text)
    SPI2_IRQHandler                          0x08000253   Thumb Code     0  startup_stm32f411xe.o(.text)
    SPI3_IRQHandler                          0x08000253   Thumb Code     0  startup_stm32f411xe.o(.text)
    SPI4_IRQHandler                          0x08000253   Thumb Code     0  startup_stm32f411xe.o(.text)
    SPI5_IRQHandler                          0x08000253   Thumb Code     0  startup_stm32f411xe.o(.text)
    TAMP_STAMP_IRQHandler                    0x08000253   Thumb Code     0  startup_stm32f411xe.o(.text)
    TIM1_BRK_TIM9_IRQHandler                 0x08000253   Thumb Code     0  startup_stm32f411xe.o(.text)
    TIM1_CC_IRQHandler                       0x08000253   Thumb Code     0  startup_stm32f411xe.o(.text)
    TIM1_TRG_COM_TIM11_IRQHandler            0x08000253   Thumb Code     0  startup_stm32f411xe.o(.text)
    TIM1_UP_TIM10_IRQHandler                 0x08000253   Thumb Code     0  startup_stm32f411xe.o(.text)
    TIM2_IRQHandler                          0x08000253   Thumb Code     0  startup_stm32f411xe.o(.text)
    TIM3_IRQHandler                          0x08000253   Thumb Code     0  startup_stm32f411xe.o(.text)
    TIM4_IRQHandler                          0x08000253   Thumb Code     0  startup_stm32f411xe.o(.text)
    TIM5_IRQHandler                          0x08000253   Thumb Code     0  startup_stm32f411xe.o(.text)
    USART2_IRQHandler                        0x08000253   Thumb Code     0  startup_stm32f411xe.o(.text)
    USART6_IRQHandler                        0x08000253   Thumb Code     0  startup_stm32f411xe.o(.text)
    WWDG_IRQHandler                          0x08000253   Thumb Code     0  startup_stm32f411xe.o(.text)
    __user_initial_stackheap                 0x08000255   Thumb Code     0  startup_stm32f411xe.o(.text)
    __use_two_region_memory                  0x08000279   Thumb Code     2  heapauxi.o(.text)
    __rt_heap_escrow$2region                 0x0800027b   Thumb Code     2  heapauxi.o(.text)
    __rt_heap_expand$2region                 0x0800027d   Thumb Code     2  heapauxi.o(.text)
    __read_errno                             0x0800027f   Thumb Code    10  _rserrno.o(.text)
    __set_errno                              0x08000289   Thumb Code    12  _rserrno.o(.text)
    __aeabi_errno_addr                       0x08000295   Thumb Code     8  rt_errno_addr_intlibspace.o(.text)
    __errno$intlibspace                      0x08000295   Thumb Code     0  rt_errno_addr_intlibspace.o(.text)
    __rt_errno_addr$intlibspace              0x08000295   Thumb Code     0  rt_errno_addr_intlibspace.o(.text)
    __user_libspace                          0x0800029d   Thumb Code     8  libspace.o(.text)
    __user_perproc_libspace                  0x0800029d   Thumb Code     0  libspace.o(.text)
    __user_perthread_libspace                0x0800029d   Thumb Code     0  libspace.o(.text)
    __user_setup_stackheap                   0x080002a5   Thumb Code    74  sys_stackheap_outer.o(.text)
    exit                                     0x080002ef   Thumb Code    18  exit.o(.text)
    _sys_exit                                0x08000301   Thumb Code     8  sys_exit.o(.text)
    __I$use$semihosting                      0x0800030d   Thumb Code     0  use_no_semi.o(.text)
    __use_no_semihosting_swi                 0x0800030d   Thumb Code     2  use_no_semi.o(.text)
    __semihosting_library_function           0x0800030f   Thumb Code     0  indicate_semi.o(.text)
    DMA1_Stream0_IRQHandler                  0x08000311   Thumb Code    50  timer.o(.text.DMA1_Stream0_IRQHandler)
    DMA1_Stream3_IRQHandler                  0x08000345   Thumb Code    52  timer.o(.text.DMA1_Stream3_IRQHandler)
    DMA1_Stream4_IRQHandler                  0x08000379   Thumb Code    50  timer.o(.text.DMA1_Stream4_IRQHandler)
    DMA1_Stream5_IRQHandler                  0x080003ad   Thumb Code    52  timer.o(.text.DMA1_Stream5_IRQHandler)
    DshotInit                                0x080003e1   Thumb Code   466  timer.o(.text.DshotInit)
    DshotIssueCommand                        0x080005b5   Thumb Code   304  timer.o(.text.DshotIssueCommand)
    SPI1GPIOInit                             0x080006e5   Thumb Code    68  spi.o(.text.SPI1GPIOInit)
    SPI1Init                                 0x08000729   Thumb Code   108  spi.o(.text.SPI1Init)
    SPIEnable                                0x08000795   Thumb Code    10  spi.o(.text.SPIEnable)
    SPITransfer                              0x080007a1   Thumb Code    54  spi.o(.text.SPITransfer)
    SysTick_Handler                          0x080007fd   Thumb Code    16  rcc_config.o(.text.SysTick_Handler)
    SystemInit                               0x0800080d   Thumb Code    26  system_stm32f4xx.o(.text.SystemInit)
    USART1Init                               0x08000829   Thumb Code   120  usart.o(.text.USART1Init)
    USART1_IRQHandler                        0x080008a1   Thumb Code   178  ibus.o(.text.USART1_IRQHandler)
    armESC                                   0x080009c9   Thumb Code    52  task.o(.text.armESC)
    armProcedure                             0x080009fd   Thumb Code   554  pid.o(.text.armProcedure)
    calibrateMPU6000                         0x08000c29   Thumb Code   264  mpu6000.o(.text.calibrateMPU6000)
    clockConfig                              0x08000d41   Thumb Code   144  rcc_config.o(.text.clockConfig)
    complementaryCalculate                   0x08000dd1   Thumb Code   312  complementary_filter.o(.text.complementaryCalculate)
    convertPWMtoDshot                        0x08000f09   Thumb Code    92  timer.o(.text.convertPWMtoDshot)
    delayMilliseconds                        0x08000f65   Thumb Code    24  rcc_config.o(.text.delayMilliseconds)
    flightProcedure                          0x08000f7d   Thumb Code    28  task.o(.text.flightProcedure)
    getAccAngles                             0x08000f99   Thumb Code   228  complementary_filter.o(.text.getAccAngles)
    getGyroRates                             0x0800107d   Thumb Code   184  complementary_filter.o(.text.getGyroRates)
    initMPU6000                              0x08001135   Thumb Code   360  mpu6000.o(.text.initMPU6000)
    isPresentMPU6000                         0x0800129d   Thumb Code    58  mpu6000.o(.text.isPresentMPU6000)
    ledSetup                                 0x080012d9   Thumb Code    58  led_config.o(.text.ledSetup)
    main                                     0x08001315   Thumb Code    50  main.o(.text.main)
    micros                                   0x08001349   Thumb Code    60  rcc_config.o(.text.micros)
    millis                                   0x08001385   Thumb Code    12  rcc_config.o(.text.millis)
    outputMotors                             0x08001391   Thumb Code   400  mixer.o(.text.outputMotors)
    pidCalculate                             0x08001521   Thumb Code   560  pid.o(.text.pidCalculate)
    prepareDshotPacket                       0x08001751   Thumb Code    36  timer.o(.text.prepareDshotPacket)
    printMsg                                 0x08001775   Thumb Code     2  usart.o(.text.printMsg)
    readMPU6000                              0x08001779   Thumb Code   376  mpu6000.o(.text.readMPU6000)
    sensorCalibrate                          0x080018f1   Thumb Code    84  task.o(.text.sensorCalibrate)
    sensorCheck                              0x08001945   Thumb Code    94  task.o(.text.sensorCheck)
    sensorInit                               0x080019a5   Thumb Code     8  task.o(.text.sensorInit)
    sysSetup                                 0x080019ad   Thumb Code    24  task.o(.text.sysSetup)
    systickConfig                            0x080019c5   Thumb Code    48  rcc_config.o(.text.systickConfig)
    throttleCheck                            0x080019f5   Thumb Code   130  task.o(.text.throttleCheck)
    __ARM_fpclassifyf                        0x08001a77   Thumb Code    38  fpclassifyf.o(i.__ARM_fpclassifyf)
    __hardfp_asinf                           0x08001a9d   Thumb Code   258  asinf.o(i.__hardfp_asinf)
    __hardfp_sinf                            0x08001bc9   Thumb Code   344  sinf.o(i.__hardfp_sinf)
    __hardfp_sqrt                            0x08001d59   Thumb Code   122  sqrt.o(i.__hardfp_sqrt)
    __mathlib_flt_infnan                     0x08001dd3   Thumb Code     6  funder.o(i.__mathlib_flt_infnan)
    __mathlib_flt_invalid                    0x08001dd9   Thumb Code    10  funder.o(i.__mathlib_flt_invalid)
    __mathlib_flt_underflow                  0x08001de9   Thumb Code    10  funder.o(i.__mathlib_flt_underflow)
    __mathlib_rredf2                         0x08001df9   Thumb Code   316  rredf.o(i.__mathlib_rredf2)
    sqrtf                                    0x08001f4d   Thumb Code    62  sqrtf.o(i.sqrtf)
    __aeabi_d2f                              0x08001f8d   Thumb Code     0  d2f.o(x$fpl$d2f)
    _d2f                                     0x08001f8d   Thumb Code    98  d2f.o(x$fpl$d2f)
    __aeabi_i2d                              0x08001fef   Thumb Code     0  dflt_clz.o(x$fpl$dflt)
    _dflt                                    0x08001fef   Thumb Code    46  dflt_clz.o(x$fpl$dflt)
    __fpl_dnaninf                            0x0800201d   Thumb Code   156  dnaninf.o(x$fpl$dnaninf)
    _dsqrt                                   0x080020b9   Thumb Code   404  dsqrt_umaal.o(x$fpl$dsqrt)
    _fp_init                                 0x08002251   Thumb Code    26  fpinit.o(x$fpl$fpinit)
    __fplib_config_fpu_vfp                   0x08002269   Thumb Code     0  fpinit.o(x$fpl$fpinit)
    __fplib_config_pureend_doubles           0x08002269   Thumb Code     0  fpinit.o(x$fpl$fpinit)
    __fpl_fretinf                            0x0800226b   Thumb Code    10  fretinf.o(x$fpl$fretinf)
    __I$use$fp                               0x08002274   Number         0  usenofp.o(x$fpl$usenofp)
    Region$$Table$$Base                      0x08002294   Number         0  anon$$obj.o(Region$$Table)
    Region$$Table$$Limit                     0x080022b4   Number         0  anon$$obj.o(Region$$Table)
    SystemCoreClock                          0x20000000   Data           4  system_stm32f4xx.o(.data.SystemCoreClock)
    __libspace_start                         0x20000008   Data          96  libspace.o(.bss)
    __temporary_stack_top$libspace           0x20000068   Data           0  libspace.o(.bss)
    acc_pitch                                0x20000070   Data           2  mpu6000.o(.bss.acc_pitch)
    acc_roll                                 0x20000072   Data           2  mpu6000.o(.bss.acc_roll)
    acc_yaw                                  0x20000074   Data           2  mpu6000.o(.bss.acc_yaw)
    angle_pitch                              0x20000078   Data           4  complementary_filter.o(.bss.angle_pitch)
    angle_pitch_acc                          0x2000007c   Data           4  complementary_filter.o(.bss.angle_pitch_acc)
    angle_roll                               0x20000080   Data           4  complementary_filter.o(.bss.angle_roll)
    angle_roll_acc                           0x20000084   Data           4  complementary_filter.o(.bss.angle_roll_acc)
    gyro_pitch                               0x2000009a   Data           2  mpu6000.o(.bss.gyro_pitch)
    gyro_pitch_rate                          0x200000a0   Data           4  complementary_filter.o(.bss.gyro_pitch_rate)
    gyro_roll                                0x200000a4   Data           2  mpu6000.o(.bss.gyro_roll)
    gyro_roll_rate                           0x200000ac   Data           4  complementary_filter.o(.bss.gyro_roll_rate)
    gyro_yaw                                 0x200000b0   Data           2  mpu6000.o(.bss.gyro_yaw)
    gyro_yaw_rate                            0x200000b8   Data           4  complementary_filter.o(.bss.gyro_yaw_rate)
    pid_output_pitch                         0x200000f4   Data           4  pid.o(.bss.pid_output_pitch)
    pid_output_roll                          0x200000f8   Data           4  pid.o(.bss.pid_output_roll)
    pid_output_yaw                           0x200000fc   Data           4  pid.o(.bss.pid_output_yaw)
    rcValue                                  0x2000019c   Data          28  ibus.o(.bss.rcValue)
    rxFrameDone                              0x200001b8   Data           1  ibus.o(.bss.rxFrameDone)
    start                                    0x200001b9   Data           1  pid.o(.bss.start)
    temp                                     0x200001ba   Data           2  mpu6000.o(.bss.temp)



==============================================================================

Memory Map of the image

  Image Entry point : 0x08000239

  Load Region LR_1 (Base: 0x08000000, Size: 0x000022b8, Max: 0xffffffff, ABSOLUTE)

    Execution Region ER_RO (Exec base: 0x08000000, Load base: 0x08000000, Size: 0x000022b4, Max: 0xffffffff, ABSOLUTE)

    Exec Addr    Load Addr    Size         Type   Attr      Idx    E Section Name        Object

    0x08000000   0x08000000   0x00000198   Data   RO          265    RESET               startup_stm32f411xe.o
    0x08000198   0x08000198   0x00000008   Code   RO          291  * !!!main             c_w.l(__main.o)
    0x080001a0   0x080001a0   0x00000034   Code   RO          519    !!!scatter          c_w.l(__scatter.o)
    0x080001d4   0x080001d4   0x0000001a   Code   RO          521    !!handler_copy      c_w.l(__scatter_copy.o)
    0x080001ee   0x080001ee   0x00000002   PAD
    0x080001f0   0x080001f0   0x0000001c   Code   RO          523    !!handler_zi        c_w.l(__scatter_zi.o)
    0x0800020c   0x0800020c   0x00000002   Code   RO          386    .ARM.Collect$$libinit$$00000000  c_w.l(libinit.o)
    0x0800020e   0x0800020e   0x00000004   Code   RO          389    .ARM.Collect$$libinit$$00000001  c_w.l(libinit2.o)
    0x08000212   0x08000212   0x00000000   Code   RO          392    .ARM.Collect$$libinit$$00000004  c_w.l(libinit2.o)
    0x08000212   0x08000212   0x00000000   Code   RO          395    .ARM.Collect$$libinit$$0000000A  c_w.l(libinit2.o)
    0x08000212   0x08000212   0x00000000   Code   RO          397    .ARM.Collect$$libinit$$0000000C  c_w.l(libinit2.o)
    0x08000212   0x08000212   0x00000000   Code   RO          399    .ARM.Collect$$libinit$$0000000E  c_w.l(libinit2.o)
    0x08000212   0x08000212   0x00000000   Code   RO          402    .ARM.Collect$$libinit$$00000011  c_w.l(libinit2.o)
    0x08000212   0x08000212   0x00000000   Code   RO          404    .ARM.Collect$$libinit$$00000013  c_w.l(libinit2.o)
    0x08000212   0x08000212   0x00000000   Code   RO          406    .ARM.Collect$$libinit$$00000015  c_w.l(libinit2.o)
    0x08000212   0x08000212   0x00000000   Code   RO          408    .ARM.Collect$$libinit$$00000017  c_w.l(libinit2.o)
    0x08000212   0x08000212   0x00000000   Code   RO          410    .ARM.Collect$$libinit$$00000019  c_w.l(libinit2.o)
    0x08000212   0x08000212   0x00000000   Code   RO          412    .ARM.Collect$$libinit$$0000001B  c_w.l(libinit2.o)
    0x08000212   0x08000212   0x00000000   Code   RO          414    .ARM.Collect$$libinit$$0000001D  c_w.l(libinit2.o)
    0x08000212   0x08000212   0x00000000   Code   RO          416    .ARM.Collect$$libinit$$0000001F  c_w.l(libinit2.o)
    0x08000212   0x08000212   0x00000000   Code   RO          418    .ARM.Collect$$libinit$$00000021  c_w.l(libinit2.o)
    0x08000212   0x08000212   0x00000000   Code   RO          420    .ARM.Collect$$libinit$$00000023  c_w.l(libinit2.o)
    0x08000212   0x08000212   0x00000000   Code   RO          422    .ARM.Collect$$libinit$$00000025  c_w.l(libinit2.o)
    0x08000212   0x08000212   0x00000000   Code   RO          426    .ARM.Collect$$libinit$$0000002C  c_w.l(libinit2.o)
    0x08000212   0x08000212   0x00000000   Code   RO          428    .ARM.Collect$$libinit$$0000002E  c_w.l(libinit2.o)
    0x08000212   0x08000212   0x00000000   Code   RO          430    .ARM.Collect$$libinit$$00000030  c_w.l(libinit2.o)
    0x08000212   0x08000212   0x00000000   Code   RO          432    .ARM.Collect$$libinit$$00000032  c_w.l(libinit2.o)
    0x08000212   0x08000212   0x00000002   Code   RO          433    .ARM.Collect$$libinit$$00000033  c_w.l(libinit2.o)
    0x08000214   0x08000214   0x00000002   Code   RO          455    .ARM.Collect$$libshutdown$$00000000  c_w.l(libshutdown.o)
    0x08000216   0x08000216   0x00000000   Code   RO          470    .ARM.Collect$$libshutdown$$00000002  c_w.l(libshutdown2.o)
    0x08000216   0x08000216   0x00000000   Code   RO          472    .ARM.Collect$$libshutdown$$00000004  c_w.l(libshutdown2.o)
    0x08000216   0x08000216   0x00000000   Code   RO          475    .ARM.Collect$$libshutdown$$00000007  c_w.l(libshutdown2.o)
    0x08000216   0x08000216   0x00000000   Code   RO          478    .ARM.Collect$$libshutdown$$0000000A  c_w.l(libshutdown2.o)
    0x08000216   0x08000216   0x00000000   Code   RO          480    .ARM.Collect$$libshutdown$$0000000C  c_w.l(libshutdown2.o)
    0x08000216   0x08000216   0x00000000   Code   RO          483    .ARM.Collect$$libshutdown$$0000000F  c_w.l(libshutdown2.o)
    0x08000216   0x08000216   0x00000002   Code   RO          484    .ARM.Collect$$libshutdown$$00000010  c_w.l(libshutdown2.o)
    0x08000218   0x08000218   0x00000000   Code   RO          325    .ARM.Collect$$rtentry$$00000000  c_w.l(__rtentry.o)
    0x08000218   0x08000218   0x00000000   Code   RO          355    .ARM.Collect$$rtentry$$00000002  c_w.l(__rtentry2.o)
    0x08000218   0x08000218   0x00000006   Code   RO          367    .ARM.Collect$$rtentry$$00000004  c_w.l(__rtentry4.o)
    0x0800021e   0x0800021e   0x00000000   Code   RO          357    .ARM.Collect$$rtentry$$00000009  c_w.l(__rtentry2.o)
    0x0800021e   0x0800021e   0x00000004   Code   RO          358    .ARM.Collect$$rtentry$$0000000A  c_w.l(__rtentry2.o)
    0x08000222   0x08000222   0x00000000   Code   RO          360    .ARM.Collect$$rtentry$$0000000C  c_w.l(__rtentry2.o)
    0x08000222   0x08000222   0x00000008   Code   RO          361    .ARM.Collect$$rtentry$$0000000D  c_w.l(__rtentry2.o)
    0x0800022a   0x0800022a   0x00000002   Code   RO          387    .ARM.Collect$$rtexit$$00000000  c_w.l(rtexit.o)
    0x0800022c   0x0800022c   0x00000000   Code   RO          435    .ARM.Collect$$rtexit$$00000002  c_w.l(rtexit2.o)
    0x0800022c   0x0800022c   0x00000004   Code   RO          436    .ARM.Collect$$rtexit$$00000003  c_w.l(rtexit2.o)
    0x08000230   0x08000230   0x00000006   Code   RO          437    .ARM.Collect$$rtexit$$00000004  c_w.l(rtexit2.o)
    0x08000236   0x08000236   0x00000002   PAD
    0x08000238   0x08000238   0x00000040   Code   RO          266  * .text               startup_stm32f411xe.o
    0x08000278   0x08000278   0x00000006   Code   RO          289    .text               c_w.l(heapauxi.o)
    0x0800027e   0x0800027e   0x00000016   Code   RO          326    .text               c_w.l(_rserrno.o)
    0x08000294   0x08000294   0x00000008   Code   RO          372    .text               c_w.l(rt_errno_addr_intlibspace.o)
    0x0800029c   0x0800029c   0x00000008   Code   RO          374    .text               c_w.l(libspace.o)
    0x080002a4   0x080002a4   0x0000004a   Code   RO          377    .text               c_w.l(sys_stackheap_outer.o)
    0x080002ee   0x080002ee   0x00000012   Code   RO          379    .text               c_w.l(exit.o)
    0x08000300   0x08000300   0x0000000c   Code   RO          445    .text               c_w.l(sys_exit.o)
    0x0800030c   0x0800030c   0x00000002   Code   RO          460    .text               c_w.l(use_no_semi.o)
    0x0800030e   0x0800030e   0x00000000   Code   RO          462    .text               c_w.l(indicate_semi.o)
    0x0800030e   0x0800030e   0x00000002   PAD
    0x08000310   0x08000310   0x00000032   Code   RO           72    .text.DMA1_Stream0_IRQHandler  timer.o
    0x08000342   0x08000342   0x00000002   PAD
    0x08000344   0x08000344   0x00000034   Code   RO           74    .text.DMA1_Stream3_IRQHandler  timer.o
    0x08000378   0x08000378   0x00000032   Code   RO           68    .text.DMA1_Stream4_IRQHandler  timer.o
    0x080003aa   0x080003aa   0x00000002   PAD
    0x080003ac   0x080003ac   0x00000034   Code   RO           70    .text.DMA1_Stream5_IRQHandler  timer.o
    0x080003e0   0x080003e0   0x000001d2   Code   RO           56    .text.DshotInit     timer.o
    0x080005b2   0x080005b2   0x00000002   PAD
    0x080005b4   0x080005b4   0x00000130   Code   RO           64    .text.DshotIssueCommand  timer.o
    0x080006e4   0x080006e4   0x00000044   Code   RO          105    .text.SPI1GPIOInit  spi.o
    0x08000728   0x08000728   0x0000006c   Code   RO          107    .text.SPI1Init      spi.o
    0x08000794   0x08000794   0x0000000a   Code   RO          109    .text.SPIEnable     spi.o
    0x0800079e   0x0800079e   0x00000002   PAD
    0x080007a0   0x080007a0   0x00000036   Code   RO          113    .text.SPITransfer   spi.o
    0x080007d6   0x080007d6   0x00000002   PAD
    0x080007d8   0x080007d8   0x00000024   Code   RO           28    .text.SysTick_Config  rcc_config.o
    0x080007fc   0x080007fc   0x00000010   Code   RO           42    .text.SysTick_Handler  rcc_config.o
    0x0800080c   0x0800080c   0x0000001a   Code   RO          273    .text.SystemInit    system_stm32f4xx.o
    0x08000826   0x08000826   0x00000002   PAD
    0x08000828   0x08000828   0x00000078   Code   RO           88    .text.USART1Init    usart.o
    0x080008a0   0x080008a0   0x000000b2   Code   RO            2    .text.USART1_IRQHandler  ibus.o
    0x08000952   0x08000952   0x00000002   PAD
    0x08000954   0x08000954   0x00000016   Code   RO           60    .text.__NVIC_EnableIRQ  timer.o
    0x0800096a   0x0800096a   0x00000002   PAD
    0x0800096c   0x0800096c   0x0000000e   Code   RO           92    .text.__NVIC_EnableIRQ  usart.o
    0x0800097a   0x0800097a   0x00000002   PAD
    0x0800097c   0x0800097c   0x0000000e   Code   RO           32    .text.__NVIC_SetPriority  rcc_config.o
    0x0800098a   0x0800098a   0x00000002   PAD
    0x0800098c   0x0800098c   0x00000010   Code   RO           58    .text.__NVIC_SetPriority  timer.o
    0x0800099c   0x0800099c   0x0000000e   Code   RO           90    .text.__NVIC_SetPriority  usart.o
    0x080009aa   0x080009aa   0x00000002   PAD
    0x080009ac   0x080009ac   0x0000001c   Code   RO           30    .text.__NVIC_SetPriorityGrouping  rcc_config.o
    0x080009c8   0x080009c8   0x00000034   Code   RO          191    .text.armESC        task.o
    0x080009fc   0x080009fc   0x0000022a   Code   RO          204    .text.armProcedure  pid.o
    0x08000c26   0x08000c26   0x00000002   PAD
    0x08000c28   0x08000c28   0x00000118   Code   RO          131    .text.calibrateMPU6000  mpu6000.o
    0x08000d40   0x08000d40   0x00000090   Code   RO           44    .text.clockConfig   rcc_config.o
    0x08000dd0   0x08000dd0   0x00000138   Code   RO          156    .text.complementaryCalculate  complementary_filter.o
    0x08000f08   0x08000f08   0x0000005c   Code   RO           66    .text.convertPWMtoDshot  timer.o
    0x08000f64   0x08000f64   0x00000018   Code   RO           38    .text.delayMilliseconds  rcc_config.o
    0x08000f7c   0x08000f7c   0x0000001c   Code   RO          193    .text.flightProcedure  task.o
    0x08000f98   0x08000f98   0x000000e4   Code   RO          152    .text.getAccAngles  complementary_filter.o
    0x0800107c   0x0800107c   0x000000b8   Code   RO          154    .text.getGyroRates  complementary_filter.o
    0x08001134   0x08001134   0x00000168   Code   RO          127    .text.initMPU6000   mpu6000.o
    0x0800129c   0x0800129c   0x0000003a   Code   RO          125    .text.isPresentMPU6000  mpu6000.o
    0x080012d6   0x080012d6   0x00000002   PAD
    0x080012d8   0x080012d8   0x0000003a   Code   RO          173    .text.ledSetup      led_config.o
    0x08001312   0x08001312   0x00000002   PAD
    0x08001314   0x08001314   0x00000032   Code   RO           16    .text.main          main.o
    0x08001346   0x08001346   0x00000002   PAD
    0x08001348   0x08001348   0x0000003c   Code   RO           34    .text.micros        rcc_config.o
    0x08001384   0x08001384   0x0000000c   Code   RO           36    .text.millis        rcc_config.o
    0x08001390   0x08001390   0x00000190   Code   RO          225    .text.outputMotors  mixer.o
    0x08001520   0x08001520   0x00000230   Code   RO          202    .text.pidCalculate  pid.o
    0x08001750   0x08001750   0x00000024   Code   RO           62    .text.prepareDshotPacket  timer.o
    0x08001774   0x08001774   0x00000002   Code   RO           96    .text.printMsg      usart.o
    0x08001776   0x08001776   0x00000002   PAD
    0x08001778   0x08001778   0x00000178   Code   RO          129    .text.readMPU6000   mpu6000.o
    0x080018f0   0x080018f0   0x00000054   Code   RO          187    .text.sensorCalibrate  task.o
    0x08001944   0x08001944   0x0000005e   Code   RO          183    .text.sensorCheck   task.o
    0x080019a2   0x080019a2   0x00000002   PAD
    0x080019a4   0x080019a4   0x00000008   Code   RO          185    .text.sensorInit    task.o
    0x080019ac   0x080019ac   0x00000018   Code   RO          181    .text.sysSetup      task.o
    0x080019c4   0x080019c4   0x00000030   Code   RO           26    .text.systickConfig  rcc_config.o
    0x080019f4   0x080019f4   0x00000082   Code   RO          189    .text.throttleCheck  task.o
    0x08001a76   0x08001a76   0x00000026   Code   RO          335    i.__ARM_fpclassifyf  m_wm.l(fpclassifyf.o)
    0x08001a9c   0x08001a9c   0x0000012c   Code   RO          301    i.__hardfp_asinf    m_wm.l(asinf.o)
    0x08001bc8   0x08001bc8   0x00000190   Code   RO          307    i.__hardfp_sinf     m_wm.l(sinf.o)
    0x08001d58   0x08001d58   0x0000007a   Code   RO          313    i.__hardfp_sqrt     m_wm.l(sqrt.o)
    0x08001dd2   0x08001dd2   0x00000006   Code   RO          338    i.__mathlib_flt_infnan  m_wm.l(funder.o)
    0x08001dd8   0x08001dd8   0x00000010   Code   RO          340    i.__mathlib_flt_invalid  m_wm.l(funder.o)
    0x08001de8   0x08001de8   0x00000010   Code   RO          343    i.__mathlib_flt_underflow  m_wm.l(funder.o)
    0x08001df8   0x08001df8   0x00000154   Code   RO          351    i.__mathlib_rredf2  m_wm.l(rredf.o)
    0x08001f4c   0x08001f4c   0x0000003e   Code   RO          321    i.sqrtf             m_wm.l(sqrtf.o)
    0x08001f8a   0x08001f8a   0x00000002   PAD
    0x08001f8c   0x08001f8c   0x00000062   Code   RO          293    x$fpl$d2f           fz_wm.l(d2f.o)
    0x08001fee   0x08001fee   0x0000002e   Code   RO          296    x$fpl$dflt          fz_wm.l(dflt_clz.o)
    0x0800201c   0x0800201c   0x0000009c   Code   RO          328    x$fpl$dnaninf       fz_wm.l(dnaninf.o)
    0x080020b8   0x080020b8   0x00000198   Code   RO          330    x$fpl$dsqrt         fz_wm.l(dsqrt_umaal.o)
    0x08002250   0x08002250   0x0000001a   Code   RO          443    x$fpl$fpinit        fz_wm.l(fpinit.o)
    0x0800226a   0x0800226a   0x0000000a   Code   RO          332    x$fpl$fretinf       fz_wm.l(fretinf.o)
    0x08002274   0x08002274   0x00000000   Code   RO          334    x$fpl$usenofp       fz_wm.l(usenofp.o)
    0x08002274   0x08002274   0x00000020   Data   RO          352    .constdata          m_wm.l(rredf.o)
    0x08002294   0x08002294   0x00000020   Data   RO          518    Region$$Table       anon$$obj.o


    Execution Region ER_RW (Exec base: 0x20000000, Load base: 0x080022b4, Size: 0x00000004, Max: 0xffffffff, ABSOLUTE)

    Exec Addr    Load Addr    Size         Type   Attr      Idx    E Section Name        Object

    0x20000000   0x080022b4   0x00000004   Data   RW          277    .data.SystemCoreClock  system_stm32f4xx.o


    Execution Region ER_ZI (Exec base: 0x20000008, Load base: 0x080022b8, Size: 0x000007b8, Max: 0xffffffff, ABSOLUTE)

    Exec Addr    Load Addr    Size         Type   Attr      Idx    E Section Name        Object

    0x20000008        -       0x00000060   Zero   RW          375    .bss                c_w.l(libspace.o)
    0x20000068        -       0x00000004   Zero   RW           47    .bss.Micros         rcc_config.o
    0x2000006c        -       0x00000004   Zero   RW           46    .bss.Millis         rcc_config.o
    0x20000070        -       0x00000002   Zero   RW          133    .bss.acc_pitch      mpu6000.o
    0x20000072        -       0x00000002   Zero   RW          134    .bss.acc_roll       mpu6000.o
    0x20000074        -       0x00000002   Zero   RW          135    .bss.acc_yaw        mpu6000.o
    0x20000076   0x080022b8   0x00000002   PAD
    0x20000078        -       0x00000004   Zero   RW          163    .bss.angle_pitch    complementary_filter.o
    0x2000007c        -       0x00000004   Zero   RW          158    .bss.angle_pitch_acc  complementary_filter.o
    0x20000080        -       0x00000004   Zero   RW          164    .bss.angle_roll     complementary_filter.o
    0x20000084        -       0x00000004   Zero   RW          159    .bss.angle_roll_acc  complementary_filter.o
    0x20000088        -       0x00000004   Zero   RW          140    .bss.cal_int        mpu6000.o
    0x2000008c        -       0x00000002   Zero   RW          231    .bss.dshot_1        mixer.o
    0x2000008e        -       0x00000002   Zero   RW          232    .bss.dshot_2        mixer.o
    0x20000090        -       0x00000002   Zero   RW          233    .bss.dshot_3        mixer.o
    0x20000092        -       0x00000002   Zero   RW          227    .bss.esc_1          mixer.o
    0x20000094        -       0x00000002   Zero   RW          228    .bss.esc_2          mixer.o
    0x20000096        -       0x00000002   Zero   RW          229    .bss.esc_3          mixer.o
    0x20000098        -       0x00000002   Zero   RW          230    .bss.esc_4          mixer.o
    0x2000009a        -       0x00000002   Zero   RW          138    .bss.gyro_pitch     mpu6000.o
    0x2000009c        -       0x00000004   Zero   RW          141    .bss.gyro_pitch_cal  mpu6000.o
    0x200000a0        -       0x00000004   Zero   RW          160    .bss.gyro_pitch_rate  complementary_filter.o
    0x200000a4        -       0x00000002   Zero   RW          137    .bss.gyro_roll      mpu6000.o
    0x200000a6   0x080022b8   0x00000002   PAD
    0x200000a8        -       0x00000004   Zero   RW          142    .bss.gyro_roll_cal  mpu6000.o
    0x200000ac        -       0x00000004   Zero   RW          161    .bss.gyro_roll_rate  complementary_filter.o
    0x200000b0        -       0x00000002   Zero   RW          139    .bss.gyro_yaw       mpu6000.o
    0x200000b2   0x080022b8   0x00000002   PAD
    0x200000b4        -       0x00000004   Zero   RW          143    .bss.gyro_yaw_cal   mpu6000.o
    0x200000b8        -       0x00000004   Zero   RW          162    .bss.gyro_yaw_rate  complementary_filter.o
    0x200000bc        -       0x00000020   Zero   RW            6    .bss.ibus           ibus.o
    0x200000dc        -       0x00000001   Zero   RW            5    .bss.ibusIndex      ibus.o
    0x200000dd   0x080022b8   0x00000003   PAD
    0x200000e0        -       0x00000004   Zero   RW          212    .bss.pid_i_mem_pitch  pid.o
    0x200000e4        -       0x00000004   Zero   RW          208    .bss.pid_i_mem_roll  pid.o
    0x200000e8        -       0x00000004   Zero   RW          216    .bss.pid_i_mem_yaw  pid.o
    0x200000ec        -       0x00000004   Zero   RW          213    .bss.pid_last_pitch_d_error  pid.o
    0x200000f0        -       0x00000004   Zero   RW          209    .bss.pid_last_roll_d_error  pid.o
    0x200000f4        -       0x00000004   Zero   RW          214    .bss.pid_output_pitch  pid.o
    0x200000f8        -       0x00000004   Zero   RW          210    .bss.pid_output_roll  pid.o
    0x200000fc        -       0x00000004   Zero   RW          217    .bss.pid_output_yaw  pid.o
    0x20000100        -       0x00000004   Zero   RW          211    .bss.pid_pitch_setpoint  pid.o
    0x20000104        -       0x00000004   Zero   RW          207    .bss.pid_roll_setpoint  pid.o
    0x20000108        -       0x00000004   Zero   RW          215    .bss.pid_yaw_setpoint  pid.o
    0x2000010c        -       0x00000024   Zero   RW           76    .bss.pulseTIM3CH1   timer.o
    0x20000130        -       0x00000024   Zero   RW           77    .bss.pulseTIM3CH2   timer.o
    0x20000154        -       0x00000024   Zero   RW           78    .bss.pulseTIM4CH1   timer.o
    0x20000178        -       0x00000024   Zero   RW           79    .bss.pulseTIM4CH2   timer.o
    0x2000019c        -       0x0000001c   Zero   RW            7    .bss.rcValue        ibus.o
    0x200001b8        -       0x00000001   Zero   RW            4    .bss.rxFrameDone    ibus.o
    0x200001b9        -       0x00000001   Zero   RW          206    .bss.start          pid.o
    0x200001ba        -       0x00000002   Zero   RW          136    .bss.temp           mpu6000.o
    0x200001bc   0x080022b8   0x00000004   PAD
    0x200001c0        -       0x00000200   Zero   RW          264    HEAP                startup_stm32f411xe.o
    0x200003c0        -       0x00000400   Zero   RW          263    STACK               startup_stm32f411xe.o


==============================================================================

Image component sizes


      Code (inc. data)   RO Data    RW Data    ZI Data      Debug   Object Name

       724         36          0          0         28       1320   complementary_filter.o
       178          0          0          0         62       1428   ibus.o
        58          0          0          0          0       1608   led_config.o
        50          0          0          0          0        507   main.o
       400          0          0          0         14        961   mixer.o
      1074         16          0          0         30       2434   mpu6000.o
      1114         24          0          0         45       2736   pid.o
       382          0          0          0          8       5785   rcc_config.o
       240          0          0          0          0       3191   spi.o
        64         26        408          0       1536        864   startup_stm32f411xe.o
        26          0          0          4          0       2735   system_stm32f4xx.o
       420          0          0          0          0       1614   task.o
      1140         16          0          0        144       7509   timer.o
       150          0          0          0          0       4707   usart.o

    ----------------------------------------------------------------------
      6054        118        440          4       1880      37399   Object Totals
         0          0         32          0          0          0   (incl. Generated)
        34          0          0          0         13          0   (incl. Padding)

    ----------------------------------------------------------------------

      Code (inc. data)   RO Data    RW Data    ZI Data      Debug   Library Member Name

         8          0          0          0          0         68   __main.o
         0          0          0          0          0          0   __rtentry.o
        12          0          0          0          0          0   __rtentry2.o
         6          0          0          0          0          0   __rtentry4.o
        52          8          0          0          0          0   __scatter.o
        26          0          0          0          0          0   __scatter_copy.o
        28          0          0          0          0          0   __scatter_zi.o
        22          0          0          0          0        100   _rserrno.o
        18          0          0          0          0         80   exit.o
         6          0          0          0          0        152   heapauxi.o
         0          0          0          0          0          0   indicate_semi.o
         2          0          0          0          0          0   libinit.o
         6          0          0          0          0          0   libinit2.o
         2          0          0          0          0          0   libshutdown.o
         2          0          0          0          0          0   libshutdown2.o
         8          4          0          0         96         68   libspace.o
         8          4          0          0          0         68   rt_errno_addr_intlibspace.o
         2          0          0          0          0          0   rtexit.o
        10          0          0          0          0          0   rtexit2.o
        12          4          0          0          0         68   sys_exit.o
        74          0          0          0          0         80   sys_stackheap_outer.o
         2          0          0          0          0         68   use_no_semi.o
        98          4          0          0          0        140   d2f.o
        46          0          0          0          0        116   dflt_clz.o
       156          4          0          0          0        140   dnaninf.o
       408         56          0          0          0        168   dsqrt_umaal.o
        26          0          0          0          0        116   fpinit.o
        10          0          0          0          0        116   fretinf.o
         0          0          0          0          0          0   usenofp.o
       300         42          0          0          0        176   asinf.o
        38          0          0          0          0        116   fpclassifyf.o
        38         12          0          0          0        348   funder.o
       340         24         32          0          0        160   rredf.o
       400         56          0          0          0        212   sinf.o
       122          0          0          0          0        148   sqrt.o
        62          0          0          0          0        136   sqrtf.o

    ----------------------------------------------------------------------
      2358        218         32          0         96       2844   Library Totals
         8          0          0          0          0          0   (incl. Padding)

    ----------------------------------------------------------------------

      Code (inc. data)   RO Data    RW Data    ZI Data      Debug   Library Name

       306         20          0          0         96        752   c_w.l
       744         64          0          0          0        796   fz_wm.l
      1300        134         32          0          0       1296   m_wm.l

    ----------------------------------------------------------------------
      2358        218         32          0         96       2844   Library Totals

    ----------------------------------------------------------------------

==============================================================================


      Code (inc. data)   RO Data    RW Data    ZI Data      Debug   

      8412        336        472          4       1976      38491   Grand Totals
      8412        336        472          4       1976      38491   ELF Image Totals
      8412        336        472          4          0          0   ROM Totals

==============================================================================

    Total RO  Size (Code + RO Data)                 8884 (   8.68kB)
    Total RW  Size (RW Data + ZI Data)              1980 (   1.93kB)
    Total ROM Size (Code + RO Data + RW Data)       8888 (   8.68kB)

==============================================================================

